Component: Arm Compiler for Embedded 6.21 Tool: armlink [5ec1fa00]

==============================================================================

Section Cross References

    main.o(.text.UART_onInput) refers to main.o(.rodata.str1.1) for .L.str
    main.o(.text.UART_onInput) refers to main.o(.bss.buffer) for buffer
    main.o(.text.UART_onInput) refers to sprintf.o(.text) for sprintf
    main.o(.text.UART_onInput) refers to uart.o(.text.UART_print) for UART_print
    main.o(.text.UART_onInput) refers to motor.o(.text.setDire) for setDire
    main.o(.text.UART_onInput) refers to systimer.o(.text.delay) for delay
    main.o(.ARM.exidx.text.UART_onInput) refers to main.o(.text.UART_onInput) for [Anonymous Symbol]
    main.o(.text.main) refers to sysclock.o(.text.System_Clock_Init) for System_Clock_Init
    main.o(.text.main) refers to motor.o(.text.Motor_Init) for Motor_Init
    main.o(.text.main) refers to systimer.o(.text.SysTick_Init) for SysTick_Init
    main.o(.text.main) refers to led.o(.text.LED_Init) for LED_Init
    main.o(.text.main) refers to spi.o(.text.SPI1_GPIO_Init) for SPI1_GPIO_Init
    main.o(.text.main) refers to spi.o(.text.SPI1_Init) for SPI1_Init
    main.o(.text.main) refers to accelerometer.o(.text.initAcc) for initAcc
    main.o(.text.main) refers to i2c.o(.text.I2C_GPIO_Init) for I2C_GPIO_Init
    main.o(.text.main) refers to i2c.o(.text.I2C_Initialization) for I2C_Initialization
    main.o(.text.main) refers to uart.o(.text.USART_Init) for USART_Init
    main.o(.text.main) refers to uart.o(.text.UART2_Init) for UART2_Init
    main.o(.text.main) refers to dma.o(.text.DMA_Init_UARTx) for DMA_Init_UARTx
    main.o(.text.main) refers to main.o(.bss.buffer) for buffer
    main.o(.text.main) refers to main.o(.rodata.str1.1) for .L.str.7
    main.o(.text.main) refers to sprintf.o(.text) for sprintf
    main.o(.text.main) refers to uart.o(.text.UART_print) for UART_print
    main.o(.text.main) refers to accelerometer.o(.text.readValues) for readValues
    main.o(.text.main) refers to i2c.o(.text.I2C_SendData) for I2C_SendData
    main.o(.text.main) refers to i2c.o(.text.I2C_ReceiveData) for I2C_ReceiveData
    main.o(.text.main) refers to led.o(.text.LED_Toggle) for LED_Toggle
    main.o(.text.main) refers to systimer.o(.text.delay) for delay
    main.o(.ARM.exidx.text.main) refers to main.o(.text.main) for [Anonymous Symbol]
    startup_stm32l476xx.o(STACK) refers (Special) to heapauxi.o(.text) for __use_two_region_memory
    startup_stm32l476xx.o(HEAP) refers (Special) to heapauxi.o(.text) for __use_two_region_memory
    startup_stm32l476xx.o(RESET) refers (Special) to heapauxi.o(.text) for __use_two_region_memory
    startup_stm32l476xx.o(RESET) refers to startup_stm32l476xx.o(STACK) for __initial_sp
    startup_stm32l476xx.o(RESET) refers to startup_stm32l476xx.o(.text) for Reset_Handler
    startup_stm32l476xx.o(RESET) refers to systimer.o(.text.SysTick_Handler) for SysTick_Handler
    startup_stm32l476xx.o(RESET) refers to dma.o(.text.DMA1_Channel4_IRQHandler) for DMA1_Channel4_IRQHandler
    startup_stm32l476xx.o(RESET) refers to dma.o(.text.DMA1_Channel7_IRQHandler) for DMA1_Channel7_IRQHandler
    startup_stm32l476xx.o(RESET) refers to uart.o(.text.USART1_IRQHandler) for USART1_IRQHandler
    startup_stm32l476xx.o(RESET) refers to uart.o(.text.USART2_IRQHandler) for USART2_IRQHandler
    startup_stm32l476xx.o(.text) refers (Special) to heapauxi.o(.text) for __use_two_region_memory
    startup_stm32l476xx.o(.text) refers to __main.o(!!!main) for __main
    startup_stm32l476xx.o(.text) refers to startup_stm32l476xx.o(HEAP) for Heap_Mem
    startup_stm32l476xx.o(.text) refers to startup_stm32l476xx.o(STACK) for Stack_Mem
    sysclock.o(.ARM.exidx.text.System_Clock_Init) refers to sysclock.o(.text.System_Clock_Init) for [Anonymous Symbol]
    systimer.o(.text.SysTick_Init) refers to systimer.o(.text.__NVIC_EnableIRQ) for __NVIC_EnableIRQ
    systimer.o(.text.SysTick_Init) refers to systimer.o(.text.__NVIC_SetPriority) for __NVIC_SetPriority
    systimer.o(.ARM.exidx.text.SysTick_Init) refers to systimer.o(.text.SysTick_Init) for [Anonymous Symbol]
    systimer.o(.ARM.exidx.text.__NVIC_EnableIRQ) refers to systimer.o(.text.__NVIC_EnableIRQ) for [Anonymous Symbol]
    systimer.o(.ARM.exidx.text.__NVIC_SetPriority) refers to systimer.o(.text.__NVIC_SetPriority) for [Anonymous Symbol]
    systimer.o(.text.SysTick_Handler) refers to systimer.o(.bss.stepT) for stepT
    systimer.o(.text.SysTick_Handler) refers to motor.o(.text.rotate) for rotate
    systimer.o(.ARM.exidx.text.SysTick_Handler) refers to systimer.o(.text.SysTick_Handler) for [Anonymous Symbol]
    systimer.o(.text.delay) refers to systimer.o(.bss.stepT) for stepT
    systimer.o(.ARM.exidx.text.delay) refers to systimer.o(.text.delay) for [Anonymous Symbol]
    dma.o(.text.DMA_Init_UARTx) refers to systimer.o(.text.delay) for delay
[...]
    .ARM.Collect$$_printf_percent$$00000010  0x08000286   Section        6  _printf_llo.o(.ARM.Collect$$_printf_percent$$00000010)
    .ARM.Collect$$_printf_percent$$00000011  0x0800028c   Section        6  _printf_llx.o(.ARM.Collect$$_printf_percent$$00000011)
    .ARM.Collect$$_printf_percent$$00000012  0x08000292   Section       10  _printf_l.o(.ARM.Collect$$_printf_percent$$00000012)
    .ARM.Collect$$_printf_percent$$00000013  0x0800029c   Section        6  _printf_c.o(.ARM.Collect$$_printf_percent$$00000013)
    .ARM.Collect$$_printf_percent$$00000014  0x080002a2   Section        6  _printf_s.o(.ARM.Collect$$_printf_percent$$00000014)
    .ARM.Collect$$_printf_percent$$00000015  0x080002a8   Section        6  _printf_lc.o(.ARM.Collect$$_printf_percent$$00000015)
    .ARM.Collect$$_printf_percent$$00000016  0x080002ae   Section        6  _printf_ls.o(.ARM.Collect$$_printf_percent$$00000016)
    .ARM.Collect$$_printf_percent$$00000017  0x080002b4   Section        4  _printf_percent_end.o(.ARM.Collect$$_printf_percent$$00000017)
    .ARM.Collect$$libinit$$00000000          0x080002b8   Section        2  libinit.o(.ARM.Collect$$libinit$$00000000)
    .ARM.Collect$$libinit$$00000001          0x080002ba   Section        4  libinit2.o(.ARM.Collect$$libinit$$00000001)
    .ARM.Collect$$libinit$$00000004          0x080002be   Section        0  libinit2.o(.ARM.Collect$$libinit$$00000004)
    .ARM.Collect$$libinit$$00000006          0x080002be   Section        0  libinit2.o(.ARM.Collect$$libinit$$00000006)
    .ARM.Collect$$libinit$$0000000C          0x080002be   Section        0  libinit2.o(.ARM.Collect$$libinit$$0000000C)
    .ARM.Collect$$libinit$$0000000E          0x080002be   Section        0  libinit2.o(.ARM.Collect$$libinit$$0000000E)
    .ARM.Collect$$libinit$$00000010          0x080002be   Section        0  libinit2.o(.ARM.Collect$$libinit$$00000010)
    .ARM.Collect$$libinit$$00000011          0x080002be   Section        6  libinit2.o(.ARM.Collect$$libinit$$00000011)
    .ARM.Collect$$libinit$$00000013          0x080002c4   Section        0  libinit2.o(.ARM.Collect$$libinit$$00000013)
    .ARM.Collect$$libinit$$00000014          0x080002c4   Section       12  libinit2.o(.ARM.Collect$$libinit$$00000014)
    .ARM.Collect$$libinit$$00000015          0x080002d0   Section        0  libinit2.o(.ARM.Collect$$libinit$$00000015)
    .ARM.Collect$$libinit$$00000017          0x080002d0   Section        0  libinit2.o(.ARM.Collect$$libinit$$00000017)
    .ARM.Collect$$libinit$$00000018          0x080002d0   Section       10  libinit2.o(.ARM.Collect$$libinit$$00000018)
    .ARM.Collect$$libinit$$00000019          0x080002da   Section        0  libinit2.o(.ARM.Collect$$libinit$$00000019)
    .ARM.Collect$$libinit$$0000001B          0x080002da   Section        0  libinit2.o(.ARM.Collect$$libinit$$0000001B)
    .ARM.Collect$$libinit$$0000001D          0x080002da   Section        0  libinit2.o(.ARM.Collect$$libinit$$0000001D)
    .ARM.Collect$$libinit$$0000001F          0x080002da   Section        0  libinit2.o(.ARM.Collect$$libinit$$0000001F)
    .ARM.Collect$$libinit$$00000021          0x080002da   Section        0  libinit2.o(.ARM.Collect$$libinit$$00000021)
    .ARM.Collect$$libinit$$00000023          0x080002da   Section        0  libinit2.o(.ARM.Collect$$libinit$$00000023)
    .ARM.Collect$$libinit$$00000025          0x080002da   Section        0  libinit2.o(.ARM.Collect$$libinit$$00000025)
    .ARM.Collect$$libinit$$00000027          0x080002da   Section        0  libinit2.o(.ARM.Collect$$libinit$$00000027)
    .ARM.Collect$$libinit$$0000002E          0x080002da   Section        0  libinit2.o(.ARM.Collect$$libinit$$0000002E)
    .ARM.Collect$$libinit$$00000030          0x080002da   Section        0  libinit2.o(.ARM.Collect$$libinit$$00000030)
    .ARM.Collect$$libinit$$00000032          0x080002da   Section        0  libinit2.o(.ARM.Collect$$libinit$$00000032)
    .ARM.Collect$$libinit$$00000034          0x080002da   Section        0  libinit2.o(.ARM.Collect$$libinit$$00000034)
    .ARM.Collect$$libinit$$00000035          0x080002da   Section        2  libinit2.o(.ARM.Collect$$libinit$$00000035)
    .ARM.Collect$$libshutdown$$00000000      0x080002dc   Section        2  libshutdown.o(.ARM.Collect$$libshutdown$$00000000)
    .ARM.Collect$$libshutdown$$00000002      0x080002de   Section        0  libshutdown2.o(.ARM.Collect$$libshutdown$$00000002)
    .ARM.Collect$$libshutdown$$00000004      0x080002de   Section        0  libshutdown2.o(.ARM.Collect$$libshutdown$$00000004)
    .ARM.Collect$$libshutdown$$00000007      0x080002de   Section        0  libshutdown2.o(.ARM.Collect$$libshutdown$$00000007)
    .ARM.Collect$$libshutdown$$0000000A      0x080002de   Section        0  libshutdown2.o(.ARM.Collect$$libshutdown$$0000000A)
    .ARM.Collect$$libshutdown$$0000000C      0x080002de   Section        0  libshutdown2.o(.ARM.Collect$$libshutdown$$0000000C)
    .ARM.Collect$$libshutdown$$0000000F      0x080002de   Section        0  libshutdown2.o(.ARM.Collect$$libshutdown$$0000000F)
    .ARM.Collect$$libshutdown$$00000010      0x080002de   Section        2  libshutdown2.o(.ARM.Collect$$libshutdown$$00000010)
    .ARM.Collect$$rtentry$$00000000          0x080002e0   Section        0  __rtentry.o(.ARM.Collect$$rtentry$$00000000)
    .ARM.Collect$$rtentry$$00000002          0x080002e0   Section        0  __rtentry2.o(.ARM.Collect$$rtentry$$00000002)
    .ARM.Collect$$rtentry$$00000004          0x080002e0   Section        6  __rtentry4.o(.ARM.Collect$$rtentry$$00000004)
    .ARM.Collect$$rtentry$$00000009          0x080002e6   Section        0  __rtentry2.o(.ARM.Collect$$rtentry$$00000009)
    .ARM.Collect$$rtentry$$0000000A          0x080002e6   Section        4  __rtentry2.o(.ARM.Collect$$rtentry$$0000000A)
    .ARM.Collect$$rtentry$$0000000C          0x080002ea   Section        0  __rtentry2.o(.ARM.Collect$$rtentry$$0000000C)
    .ARM.Collect$$rtentry$$0000000D          0x080002ea   Section        8  __rtentry2.o(.ARM.Collect$$rtentry$$0000000D)
    .ARM.Collect$$rtexit$$00000000           0x080002f2   Section        2  rtexit.o(.ARM.Collect$$rtexit$$00000000)
    .ARM.Collect$$rtexit$$00000002           0x080002f4   Section        0  rtexit2.o(.ARM.Collect$$rtexit$$00000002)
    .ARM.Collect$$rtexit$$00000003           0x080002f4   Section        4  rtexit2.o(.ARM.Collect$$rtexit$$00000003)
    .ARM.Collect$$rtexit$$00000004           0x080002f8   Section        6  rtexit2.o(.ARM.Collect$$rtexit$$00000004)
    $v0                                      0x08000300   Number         0  startup_stm32l476xx.o(.text)
    .text                                    0x08000300   Section      140  startup_stm32l476xx.o(.text)
    .text                                    0x0800038c   Section        0  sprintf.o(.text)
    .text                                    0x080003b8   Section        0  heapauxi.o(.text)
    .text                                    0x080003be   Section        0  _printf_pad.o(.text)
    .text                                    0x0800040c   Section        0  _printf_truncate.o(.text)
    .text                                    0x08000430   Section        0  _printf_str.o(.text)
    .text                                    0x08000484   Section        0  _printf_dec.o(.text)
    .text                                    0x080004fc   Section        0  _printf_charcount.o(.text)
    _printf_input_char                       0x08000525   Thumb Code    10  _printf_char_common.o(.text)
    .text                                    0x08000524   Section        0  _printf_char_common.o(.text)
    .text                                    0x08000554   Section        0  _sputc.o(.text)
    .text                                    0x08000560   Section        0  _printf_wctomb.o(.text)
    .text                                    0x08000624   Section        0  _printf_longlong_dec.o(.text)
    _printf_longlong_oct_internal            0x080006a1   Thumb Code     0  _printf_oct_int_ll.o(.text)
    .text                                    0x080006a0   Section        0  _printf_oct_int_ll.o(.text)
    _printf_hex_common                       0x08000711   Thumb Code     0  _printf_hex_int_ll_ptr.o(.text)
    .text                                    0x08000710   Section        0  _printf_hex_int_ll_ptr.o(.text)
    .text                                    0x080007a4   Section        0  __printf_flags_ss_wp.o(.text)
    .text                                    0x08000932   Section      138  lludiv10.o(.text)
    .text                                    0x080009bc   Section        0  _printf_intcommon.o(.text)
    _fp_digits                               0x08000a6f   Thumb Code   432  _printf_fp_dec.o(.text)
    .text                                    0x08000a6e   Section        0  _printf_fp_dec.o(.text)
    .text                                    0x08000e90   Section        0  _printf_fp_hex.o(.text)
    .text                                    0x08001192   Section        0  _printf_char.o(.text)
    .text                                    0x080011be   Section        0  _printf_wchar.o(.text)
    .text                                    0x080011ea   Section        0  _c16rtomb.o(.text)
    .text                                    0x08001232   Section       74  sys_stackheap_outer.o(.text)
    .text                                    0x0800127c   Section       16  rt_ctype_table.o(.text)
    .text                                    0x0800128c   Section        8  rt_locale_intlibspace.o(.text)
    .text                                    0x08001294   Section        0  _printf_fp_infnan.o(.text)
    .text                                    0x08001314   Section        0  bigflt0.o(.text)
    .text                                    0x080013f8   Section        0  exit.o(.text)
    .text                                    0x0800140c   Section        8  libspace.o(.text)
    .text                                    0x08001418   Section      124  strcmpv7em.o(.text)
    .text                                    0x08001494   Section        0  sys_exit.o(.text)
    .text                                    0x080014a0   Section        2  use_no_semi.o(.text)
    .text                                    0x080014a2   Section        0  indicate_semi.o(.text)
    [Anonymous Symbol]                       0x080014a4   Section        0  dma.o(.text.DMA1_Channel4_IRQHandler)
    [Anonymous Symbol]                       0x080014ec   Section        0  dma.o(.text.DMA1_Channel7_IRQHandler)
    [Anonymous Symbol]                       0x08001534   Section        0  dma.o(.text.DMA_Init_UARTx)
    [Anonymous Symbol]                       0x08001610   Section        0  i2c.o(.text.I2C_GPIO_Init)
    [Anonymous Symbol]                       0x080016cc   Section        0  i2c.o(.text.I2C_Initialization)
    [Anonymous Symbol]                       0x08001800   Section        0  i2c.o(.text.I2C_ReceiveData)
    [Anonymous Symbol]                       0x0800189c   Section        0  i2c.o(.text.I2C_SendData)
    [Anonymous Symbol]                       0x08001978   Section        0  i2c.o(.text.I2C_Start)
    [Anonymous Symbol]                       0x080019e4   Section        0  i2c.o(.text.I2C_Stop)
    [Anonymous Symbol]                       0x08001a08   Section        0  i2c.o(.text.I2C_WaitLineIdle)
    [Anonymous Symbol]                       0x08001a20   Section        0  led.o(.text.LED_Init)
    [Anonymous Symbol]                       0x08001a64   Section        0  led.o(.text.LED_Toggle)
    [Anonymous Symbol]                       0x08001a74   Section        0  motor.o(.text.Motor_Init)
    [Anonymous Symbol]                       0x08001b78   Section        0  spi.o(.text.SPI1_GPIO_Init)
    [Anonymous Symbol]                       0x08001cd8   Section        0  spi.o(.text.SPI1_Init)
    [Anonymous Symbol]                       0x08001da4   Section        0  spi.o(.text.SPI_Transfer_Data)
    [Anonymous Symbol]                       0x08001e10   Section        0  systimer.o(.text.SysTick_Handler)
    [Anonymous Symbol]                       0x08001e28   Section        0  systimer.o(.text.SysTick_Init)
    [Anonymous Symbol]                       0x08001e7c   Section        0  sysclock.o(.text.System_Clock_Init)
    [Anonymous Symbol]                       0x08002050   Section        0  uart.o(.text.UART2_GPIO_Init)
    [Anonymous Symbol]                       0x08002120   Section        0  uart.o(.text.UART2_Init)
    [Anonymous Symbol]                       0x080021b4   Section        0  main.o(.text.UART_onInput)
    [Anonymous Symbol]                       0x080022a0   Section        0  uart.o(.text.UART_print)
    [Anonymous Symbol]                       0x080023d8   Section        0  uart.o(.text.USART1_IRQHandler)
    [Anonymous Symbol]                       0x08002448   Section        0  uart.o(.text.USART2_IRQHandler)
    [Anonymous Symbol]                       0x080024cc   Section        0  uart.o(.text.USART_Init)
    __NVIC_ClearPendingIRQ                   0x08002549   Thumb Code    48  dma.o(.text.__NVIC_ClearPendingIRQ)
    [Anonymous Symbol]                       0x08002548   Section        0  dma.o(.text.__NVIC_ClearPendingIRQ)
    __NVIC_ClearPendingIRQ                   0x08002579   Thumb Code    48  uart.o(.text.__NVIC_ClearPendingIRQ)
    [Anonymous Symbol]                       0x08002578   Section        0  uart.o(.text.__NVIC_ClearPendingIRQ)
    __NVIC_EnableIRQ                         0x080025a9   Thumb Code    48  systimer.o(.text.__NVIC_EnableIRQ)
    [Anonymous Symbol]                       0x080025a8   Section        0  systimer.o(.text.__NVIC_EnableIRQ)
    __NVIC_EnableIRQ                         0x080025d9   Thumb Code    48  dma.o(.text.__NVIC_EnableIRQ)
    [Anonymous Symbol]                       0x080025d8   Section        0  dma.o(.text.__NVIC_EnableIRQ)
    __NVIC_EnableIRQ                         0x08002609   Thumb Code    48  uart.o(.text.__NVIC_EnableIRQ)
    [Anonymous Symbol]                       0x08002608   Section        0  uart.o(.text.__NVIC_EnableIRQ)
    __NVIC_SetPriority                       0x08002639   Thumb Code    66  systimer.o(.text.__NVIC_SetPriority)
    [Anonymous Symbol]                       0x08002638   Section        0  systimer.o(.text.__NVIC_SetPriority)
    __NVIC_SetPriority                       0x0800267d   Thumb Code    66  dma.o(.text.__NVIC_SetPriority)
    [Anonymous Symbol]                       0x0800267c   Section        0  dma.o(.text.__NVIC_SetPriority)
    __NVIC_SetPriority                       0x080026c1   Thumb Code    66  uart.o(.text.__NVIC_SetPriority)
    [Anonymous Symbol]                       0x080026c0   Section        0  uart.o(.text.__NVIC_SetPriority)
    [Anonymous Symbol]                       0x08002704   Section        0  accelerometer.o(.text.accRead)
    [Anonymous Symbol]                       0x08002738   Section        0  accelerometer.o(.text.accWrite)
    [Anonymous Symbol]                       0x08002764   Section        0  systimer.o(.text.delay)
    [Anonymous Symbol]                       0x080027b0   Section        0  accelerometer.o(.text.initAcc)
    [Anonymous Symbol]                       0x080027cc   Section        0  main.o(.text.main)
    [Anonymous Symbol]                       0x080028f0   Section        0  uart.o(.text.on_complete_transfer)
    [Anonymous Symbol]                       0x08002938   Section        0  accelerometer.o(.text.readValues)
    [Anonymous Symbol]                       0x08002a48   Section        0  motor.o(.text.rotate)
    [Anonymous Symbol]                       0x08002ae4   Section        0  motor.o(.text.setDire)
    [Anonymous Symbol]                       0x08002afc   Section        0  uart.o(.text.transfer_data)
    CL$$btod_d2e                             0x08002b4c   Section       62  btod.o(CL$$btod_d2e)
    CL$$btod_d2e_denorm_low                  0x08002b8a   Section       70  btod.o(CL$$btod_d2e_denorm_low)
    CL$$btod_d2e_norm_op1                    0x08002bd0   Section       96  btod.o(CL$$btod_d2e_norm_op1)
    CL$$btod_div_common                      0x08002c30   Section      824  btod.o(CL$$btod_div_common)
    CL$$btod_e2e                             0x08002f68   Section      220  btod.o(CL$$btod_e2e)
    CL$$btod_ediv                            0x08003044   Section       42  btod.o(CL$$btod_ediv)
    CL$$btod_emul                            0x0800306e   Section       42  btod.o(CL$$btod_emul)
    CL$$btod_mult_common                     0x08003098   Section      580  btod.o(CL$$btod_mult_common)
    i.__ARM_fpclassify                       0x080032dc   Section        0  fpclassify.o(i.__ARM_fpclassify)
    i._is_digit                              0x0800330c   Section        0  __printf_wp.o(i._is_digit)
    locale$$code                             0x0800331c   Section       44  lc_numeric_c.o(locale$$code)
    locale$$code                             0x08003348   Section       44  lc_ctype_c.o(locale$$code)
    $v0                                      0x08003374   Number         0  dflt_clz.o(x$fpl$dflt)
    x$fpl$dflt                               0x08003374   Section       46  dflt_clz.o(x$fpl$dflt)
    $v0                                      0x080033a4   Number         0  dmul.o(x$fpl$dmul)
    x$fpl$dmul                               0x080033a4   Section      340  dmul.o(x$fpl$dmul)
    $v0                                      0x080034f8   Number         0  dnaninf.o(x$fpl$dnaninf)
    x$fpl$dnaninf                            0x080034f8   Section      156  dnaninf.o(x$fpl$dnaninf)
    $v0                                      0x08003594   Number         0  dretinf.o(x$fpl$dretinf)
    x$fpl$dretinf                            0x08003594   Section       12  dretinf.o(x$fpl$dretinf)
    $v0                                      0x080035a0   Number         0  fpinit.o(x$fpl$fpinit)
    x$fpl$fpinit                             0x080035a0   Section       26  fpinit.o(x$fpl$fpinit)
    $v0                                      0x080035ba   Number         0  printf1.o(x$fpl$printf1)
    x$fpl$printf1                            0x080035ba   Section        4  printf1.o(x$fpl$printf1)
    $v0                                      0x080035be   Number         0  printf2.o(x$fpl$printf2)
    x$fpl$printf2                            0x080035be   Section        4  printf2.o(x$fpl$printf2)
    x$fpl$usenofp                            0x080035c2   Section        0  usenofp.o(x$fpl$usenofp)
    initial_mbstate                          0x080035c4   Data           8  _printf_wctomb.o(.constdata)
    .constdata                               0x080035c4   Section        8  _printf_wctomb.o(.constdata)
    uc_hextab                                0x080035cc   Data          20  _printf_hex_int_ll_ptr.o(.constdata)
    .constdata                               0x080035cc   Section       40  _printf_hex_int_ll_ptr.o(.constdata)
    lc_hextab                                0x080035e0   Data          20  _printf_hex_int_ll_ptr.o(.constdata)
    maptable                                 0x080035f4   Data          17  __printf_flags_ss_wp.o(.constdata)
    .constdata                               0x080035f4   Section       17  __printf_flags_ss_wp.o(.constdata)
    lc_hextab                                0x08003605   Data          19  _printf_fp_hex.o(.constdata)
    .constdata                               0x08003605   Section       38  _printf_fp_hex.o(.constdata)
    uc_hextab                                0x08003618   Data          19  _printf_fp_hex.o(.constdata)
    tenpwrs_x                                0x0800362c   Data          60  bigflt0.o(.constdata)
    .constdata                               0x0800362c   Section      148  bigflt0.o(.constdata)
    tenpwrs_i                                0x08003668   Data          64  bigflt0.o(.constdata)
    HalfStep                                 0x080036c0   Data          32  motor.o(.rodata.HalfStep)
    [Anonymous Symbol]                       0x080036c0   Section        0  motor.o(.rodata.HalfStep)
    .L.str.7                                 0x080036e0   Data          18  main.o(.rodata.str1.1)
    [Anonymous Symbol]                       0x080036e0   Section        0  main.o(.rodata.str1.1)
    .L.str.6                                 0x080036f2   Data          42  main.o(.rodata.str1.1)
    .L.str.2                                 0x0800371c   Data          14  main.o(.rodata.str1.1)
    .L.str.5                                 0x0800372a   Data          14  main.o(.rodata.str1.1)
    .L.str.1                                 0x08003738   Data          15  main.o(.rodata.str1.1)
    .L.str.8                                 0x08003747   Data          27  main.o(.rodata.str1.1)
    .L.str.4                                 0x08003762   Data          14  main.o(.rodata.str1.1)
    .L.str.3                                 0x08003770   Data          12  main.o(.rodata.str1.1)
    .L.str                                   0x0800377c   Data          11  main.o(.rodata.str1.1)
    locale$$data                             0x080037a8   Section       28  lc_numeric_c.o(locale$$data)
    __lcnum_c_name                           0x080037ac   Data           2  lc_numeric_c.o(locale$$data)
    __lcnum_c_start                          0x080037b4   Data           0  lc_numeric_c.o(locale$$data)
    __lcnum_c_point                          0x080037c0   Data           0  lc_numeric_c.o(locale$$data)
    __lcnum_c_thousands                      0x080037c2   Data           0  lc_numeric_c.o(locale$$data)
    __lcnum_c_grouping                       0x080037c3   Data           0  lc_numeric_c.o(locale$$data)
    __lcnum_c_end                            0x080037c4   Data           0  lc_numeric_c.o(locale$$data)
    locale$$data                             0x080037c4   Section      272  lc_ctype_c.o(locale$$data)
    __lcctype_c_name                         0x080037c8   Data           2  lc_ctype_c.o(locale$$data)
    __lcctype_c_start                        0x080037d0   Data           0  lc_ctype_c.o(locale$$data)
    __lcctype_c_end                          0x080038d4   Data           0  lc_ctype_c.o(locale$$data)
    active                                   0x20000000   Data           4  uart.o(.data.active)
    [Anonymous Symbol]                       0x20000000   Section        0  uart.o(.data.active)
    pending                                  0x20000004   Data           4  uart.o(.data.pending)
    [Anonymous Symbol]                       0x20000004   Section        0  uart.o(.data.pending)
    .bss                                     0x20000008   Section       96  libspace.o(.bss)
    buffer                                   0x20000068   Data         256  main.o(.bss.buffer)
    [Anonymous Symbol]                       0x20000068   Section        0  main.o(.bss.buffer)
    data_t_0                                 0x20000168   Data         256  uart.o(.bss.data_t_0)
    [Anonymous Symbol]                       0x20000168   Section        0  uart.o(.bss.data_t_0)
    data_t_1                                 0x20000268   Data         256  uart.o(.bss.data_t_1)
    [Anonymous Symbol]                       0x20000268   Section        0  uart.o(.bss.data_t_1)
    dire                                     0x20000368   Data           1  motor.o(.bss.dire)
    [Anonymous Symbol]                       0x20000368   Section        0  motor.o(.bss.dire)
    input_size                               0x20000369   Data           1  uart.o(.bss.input_size)
    [Anonymous Symbol]                       0x20000369   Section        0  uart.o(.bss.input_size)
    inputs                                   0x2000036a   Data         256  uart.o(.bss.inputs)
    [Anonymous Symbol]                       0x2000036a   Section        0  uart.o(.bss.inputs)
    pending_size                             0x2000046a   Data           1  uart.o(.bss.pending_size)
    [Anonymous Symbol]                       0x2000046a   Section        0  uart.o(.bss.pending_size)
    step                                     0x2000046b   Data           1  motor.o(.bss.step)
    [Anonymous Symbol]                       0x2000046b   Section        0  motor.o(.bss.step)
    stepT                                    0x2000046c   Data           4  systimer.o(.bss.stepT)
    [Anonymous Symbol]                       0x2000046c   Section        0  systimer.o(.bss.stepT)
    tx                                       0x20000470   Data           4  uart.o(.bss.tx)
    [Anonymous Symbol]                       0x20000470   Section        0  uart.o(.bss.tx)
    Heap_Mem                                 0x20000478   Data         512  startup_stm32l476xx.o(HEAP)
    HEAP                                     0x20000478   Section      512  startup_stm32l476xx.o(HEAP)
    Stack_Mem                                0x20000678   Data        1024  startup_stm32l476xx.o(STACK)
    STACK                                    0x20000678   Section     1024  startup_stm32l476xx.o(STACK)
    __initial_sp                             0x20000a78   Data           0  startup_stm32l476xx.o(STACK)

    Global Symbols

    Symbol Name                              Value     Ov Type        Size  Object(Section)

    BuildAttributes$$THM_ISAv4$E$P$D$K$B$S$7EM$VFPi3$EXTD16$VFPS$VFMA$PE$A:L22UL41UL21$X:L11$S22US41US21$IEEE1$IW$~IW$USESV6$~STKCKD$USESV7$~SHL$OTIME$ROPI$IEEEJ$EBA8$UX$STANDARDLIB$REQ8$PRES8$EABIv2 0x00000000   Number         0  anon$$obj.o ABSOLUTE
    Image$$ER_IROM1$$RW$$Length              0x00000000   Number         0  anon$$obj.o ABSOLUTE
    Image$$ER_IROM1$$ZI$$Length              0x00000000   Number         0  anon$$obj.o ABSOLUTE
    Image$$RW_IRAM1$$RO$$Length              0x00000000   Number         0  anon$$obj.o ABSOLUTE
    _printf_flags                            0x00000000   Number         0  printf_stubs.o ABSOLUTE
    _printf_return_value                     0x00000000   Number         0  printf_stubs.o ABSOLUTE
    _printf_sizespec                         0x00000000   Number         0  printf_stubs.o ABSOLUTE
    _printf_widthprec                        0x00000000   Number         0  printf_stubs.o ABSOLUTE
    __ARM_exceptions_init                     - Undefined Weak Reference
    __alloca_initialize                       - Undefined Weak Reference
    __arm_preinit_                            - Undefined Weak Reference
    __arm_relocate_pie_                       - Undefined Weak Reference
    __cpp_initialize__aeabi_                  - Undefined Weak Reference
    __cxa_finalize                            - Undefined Weak Reference
    __sigvec_lookup                           - Undefined Weak Reference
    _atexit_init                              - Undefined Weak Reference
    _call_atexit_fns                          - Undefined Weak Reference
    _clock_init                               - Undefined Weak Reference
    _fp_trap_init                             - Undefined Weak Reference
    _fp_trap_shutdown                         - Undefined Weak Reference
    _get_lc_collate                           - Undefined Weak Reference
    _get_lc_monetary                          - Undefined Weak Reference
    _get_lc_time                              - Undefined Weak Reference
    _getenv_init                              - Undefined Weak Reference
    _handle_redirection                       - Undefined Weak Reference
    _init_alloc                               - Undefined Weak Reference
    _init_user_alloc                          - Undefined Weak Reference
    _initio                                   - Undefined Weak Reference
    _printf_mbtowc                            - Undefined Weak Reference
    _printf_wc                                - Undefined Weak Reference
    _rand_init                                - Undefined Weak Reference
    _signal_finish                            - Undefined Weak Reference
    _signal_init                              - Undefined Weak Reference
    _terminate_alloc                          - Undefined Weak Reference
    _terminate_user_alloc                     - Undefined Weak Reference
    _terminateio                              - Undefined Weak Reference
    Image$$RW_IRAM1$$Length                  0x00000008   Number         0  anon$$obj.o ABSOLUTE
    Image$$RW_IRAM1$$RW$$Length              0x00000008   Number         0  anon$$obj.o ABSOLUTE
    __Vectors_Size                           0x00000188   Number         0  startup_stm32l476xx.o ABSOLUTE
    Image$$RW_IRAM1$$ZI$$Length              0x00000a70   Number         0  anon$$obj.o ABSOLUTE
    Image$$ER_IROM1$$RO$$Length              0x000038d4   Number         0  anon$$obj.o ABSOLUTE
    Image$$ER_IROM1$$RO$$Base                0x08000000   Number         0  anon$$obj.o ABSOLUTE
    Load$$ER_IROM1$$Base                     0x08000000   Number         0  anon$$obj.o ABSOLUTE
    __Vectors                                0x08000000   Data           4  startup_stm32l476xx.o(RESET)
    __Vectors_End                            0x08000188   Data           0  startup_stm32l476xx.o(RESET)
    __main                                   0x08000189   Thumb Code     8  __main.o(!!!main)
    __scatterload                            0x08000191   Thumb Code     0  __scatter.o(!!!scatter)
    __scatterload_rt2                        0x08000191   Thumb Code    84  __scatter.o(!!!scatter)
    __scatterload_rt2_thumb_only             0x08000191   Thumb Code     0  __scatter.o(!!!scatter)
    __scatterload_loop                       0x0800019b   Thumb Code     0  __scatter.o(!!!scatter)
    __scatterload_copy                       0x080001ed   Thumb Code    26  __scatter_copy.o(!!handler_copy)
    __scatterload_null                       0x08000209   Thumb Code     2  __scatter.o(!!handler_null)
    __scatterload_zeroinit                   0x0800020d   Thumb Code    28  __scatter_zi.o(!!handler_zi)
    _printf_n                                0x08000229   Thumb Code     0  _printf_n.o(.ARM.Collect$$_printf_percent$$00000001)
    _printf_percent                          0x08000229   Thumb Code     0  _printf_percent.o(.ARM.Collect$$_printf_percent$$00000000)
    _printf_p                                0x0800022f   Thumb Code     0  _printf_p.o(.ARM.Collect$$_printf_percent$$00000002)
    _printf_f                                0x08000235   Thumb Code     0  _printf_f.o(.ARM.Collect$$_printf_percent$$00000003)
    _printf_e                                0x0800023b   Thumb Code     0  _printf_e.o(.ARM.Collect$$_printf_percent$$00000004)
    _printf_g                                0x08000241   Thumb Code     0  _printf_g.o(.ARM.Collect$$_printf_percent$$00000005)
    _printf_a                                0x08000247   Thumb Code     0  _printf_a.o(.ARM.Collect$$_printf_percent$$00000006)
    _printf_ll                               0x0800024d   Thumb Code     0  _printf_ll.o(.ARM.Collect$$_printf_percent$$00000007)
    _printf_i                                0x08000257   Thumb Code     0  _printf_i.o(.ARM.Collect$$_printf_percent$$00000008)
    _printf_d                                0x0800025d   Thumb Code     0  _printf_d.o(.ARM.Collect$$_printf_percent$$00000009)
    _printf_u                                0x08000263   Thumb Code     0  _printf_u.o(.ARM.Collect$$_printf_percent$$0000000A)
    _printf_o                                0x08000269   Thumb Code     0  _printf_o.o(.ARM.Collect$$_printf_percent$$0000000B)
    _printf_x                                0x0800026f   Thumb Code     0  _printf_x.o(.ARM.Collect$$_printf_percent$$0000000C)
    _printf_lli                              0x08000275   Thumb Code     0  _printf_lli.o(.ARM.Collect$$_printf_percent$$0000000D)
    _printf_lld                              0x0800027b   Thumb Code     0  _printf_lld.o(.ARM.Collect$$_printf_percent$$0000000E)
    _printf_llu                              0x08000281   Thumb Code     0  _printf_llu.o(.ARM.Collect$$_printf_percent$$0000000F)
    _printf_llo                              0x08000287   Thumb Code     0  _printf_llo.o(.ARM.Collect$$_printf_percent$$00000010)
    _printf_llx                              0x0800028d   Thumb Code     0  _printf_llx.o(.ARM.Collect$$_printf_percent$$00000011)
    _printf_l                                0x08000293   Thumb Code     0  _printf_l.o(.ARM.Collect$$_printf_percent$$00000012)
    _printf_c                                0x0800029d   Thumb Code     0  _printf_c.o(.ARM.Collect$$_printf_percent$$00000013)
    _printf_s                                0x080002a3   Thumb Code     0  _printf_s.o(.ARM.Collect$$_printf_percent$$00000014)
    _printf_lc                               0x080002a9   Thumb Code     0  _printf_lc.o(.ARM.Collect$$_printf_percent$$00000015)
    _printf_ls                               0x080002af   Thumb Code     0  _printf_ls.o(.ARM.Collect$$_printf_percent$$00000016)
    _printf_percent_end                      0x080002b5   Thumb Code     0  _printf_percent_end.o(.ARM.Collect$$_printf_percent$$00000017)
    __rt_lib_init                            0x080002b9   Thumb Code     0  libinit.o(.ARM.Collect$$libinit$$00000000)
    __rt_lib_init_fp_1                       0x080002bb   Thumb Code     0  libinit2.o(.ARM.Collect$$libinit$$00000001)
    __rt_lib_init_heap_1                     0x080002bf   Thumb Code     0  libinit2.o(.ARM.Collect$$libinit$$0000000C)
    __rt_lib_init_lc_common                  0x080002bf   Thumb Code     0  libinit2.o(.ARM.Collect$$libinit$$00000011)
    __rt_lib_init_preinit_1                  0x080002bf   Thumb Code     0  libinit2.o(.ARM.Collect$$libinit$$00000006)
    __rt_lib_init_rand_1                     0x080002bf   Thumb Code     0  libinit2.o(.ARM.Collect$$libinit$$00000010)
    __rt_lib_init_relocate_pie_1             0x080002bf   Thumb Code     0  libinit2.o(.ARM.Collect$$libinit$$00000004)
    __rt_lib_init_user_alloc_1               0x080002bf   Thumb Code     0  libinit2.o(.ARM.Collect$$libinit$$0000000E)
    __rt_lib_init_lc_collate_1               0x080002c5   Thumb Code     0  libinit2.o(.ARM.Collect$$libinit$$00000013)
    __rt_lib_init_lc_ctype_2                 0x080002c5   Thumb Code     0  libinit2.o(.ARM.Collect$$libinit$$00000014)
    __rt_lib_init_lc_ctype_1                 0x080002d1   Thumb Code     0  libinit2.o(.ARM.Collect$$libinit$$00000015)
    __rt_lib_init_lc_monetary_1              0x080002d1   Thumb Code     0  libinit2.o(.ARM.Collect$$libinit$$00000017)
    __rt_lib_init_lc_numeric_2               0x080002d1   Thumb Code     0  libinit2.o(.ARM.Collect$$libinit$$00000018)
    __rt_lib_init_alloca_1                   0x080002db   Thumb Code     0  libinit2.o(.ARM.Collect$$libinit$$00000030)
    __rt_lib_init_argv_1                     0x080002db   Thumb Code     0  libinit2.o(.ARM.Collect$$libinit$$0000002E)
    __rt_lib_init_atexit_1                   0x080002db   Thumb Code     0  libinit2.o(.ARM.Collect$$libinit$$0000001D)
    __rt_lib_init_clock_1                    0x080002db   Thumb Code     0  libinit2.o(.ARM.Collect$$libinit$$00000023)
    __rt_lib_init_cpp_1                      0x080002db   Thumb Code     0  libinit2.o(.ARM.Collect$$libinit$$00000034)
    __rt_lib_init_exceptions_1               0x080002db   Thumb Code     0  libinit2.o(.ARM.Collect$$libinit$$00000032)
    __rt_lib_init_fp_trap_1                  0x080002db   Thumb Code     0  libinit2.o(.ARM.Collect$$libinit$$00000021)
    __rt_lib_init_getenv_1                   0x080002db   Thumb Code     0  libinit2.o(.ARM.Collect$$libinit$$00000025)
    __rt_lib_init_lc_numeric_1               0x080002db   Thumb Code     0  libinit2.o(.ARM.Collect$$libinit$$00000019)
    __rt_lib_init_lc_time_1                  0x080002db   Thumb Code     0  libinit2.o(.ARM.Collect$$libinit$$0000001B)
    __rt_lib_init_return                     0x080002db   Thumb Code     0  libinit2.o(.ARM.Collect$$libinit$$00000035)
    __rt_lib_init_signal_1                   0x080002db   Thumb Code     0  libinit2.o(.ARM.Collect$$libinit$$0000001F)
    __rt_lib_init_stdio_1                    0x080002db   Thumb Code     0  libinit2.o(.ARM.Collect$$libinit$$00000027)
    __rt_lib_shutdown                        0x080002dd   Thumb Code     0  libshutdown.o(.ARM.Collect$$libshutdown$$00000000)
    __rt_lib_shutdown_cpp_1                  0x080002df   Thumb Code     0  libshutdown2.o(.ARM.Collect$$libshutdown$$00000002)
    __rt_lib_shutdown_fp_trap_1              0x080002df   Thumb Code     0  libshutdown2.o(.ARM.Collect$$libshutdown$$00000007)
    __rt_lib_shutdown_heap_1                 0x080002df   Thumb Code     0  libshutdown2.o(.ARM.Collect$$libshutdown$$0000000F)
    __rt_lib_shutdown_return                 0x080002df   Thumb Code     0  libshutdown2.o(.ARM.Collect$$libshutdown$$00000010)
    __rt_lib_shutdown_signal_1               0x080002df   Thumb Code     0  libshutdown2.o(.ARM.Collect$$libshutdown$$0000000A)
    __rt_lib_shutdown_stdio_1                0x080002df   Thumb Code     0  libshutdown2.o(.ARM.Collect$$libshutdown$$00000004)
    __rt_lib_shutdown_user_alloc_1           0x080002df   Thumb Code     0  libshutdown2.o(.ARM.Collect$$libshutdown$$0000000C)
    __rt_entry                               0x080002e1   Thumb Code     0  __rtentry.o(.ARM.Collect$$rtentry$$00000000)
    __rt_entry_presh_1                       0x080002e1   Thumb Code     0  __rtentry2.o(.ARM.Collect$$rtentry$$00000002)
    __rt_entry_sh                            0x080002e1   Thumb Code     0  __rtentry4.o(.ARM.Collect$$rtentry$$00000004)
    __rt_entry_li                            0x080002e7   Thumb Code     0  __rtentry2.o(.ARM.Collect$$rtentry$$0000000A)
    __rt_entry_postsh_1                      0x080002e7   Thumb Code     0  __rtentry2.o(.ARM.Collect$$rtentry$$00000009)
    __rt_entry_main                          0x080002eb   Thumb Code     0  __rtentry2.o(.ARM.Collect$$rtentry$$0000000D)
    __rt_entry_postli_1                      0x080002eb   Thumb Code     0  __rtentry2.o(.ARM.Collect$$rtentry$$0000000C)
    __rt_exit                                0x080002f3   Thumb Code     0  rtexit.o(.ARM.Collect$$rtexit$$00000000)
    __rt_exit_ls                             0x080002f5   Thumb Code     0  rtexit2.o(.ARM.Collect$$rtexit$$00000003)
    __rt_exit_prels_1                        0x080002f5   Thumb Code     0  rtexit2.o(.ARM.Collect$$rtexit$$00000002)
    __rt_exit_exit                           0x080002f9   Thumb Code     0  rtexit2.o(.ARM.Collect$$rtexit$$00000004)
    Reset_Handler                            0x08000301   Thumb Code    62  startup_stm32l476xx.o(.text)
    NMI_Handler                              0x0800033f   Thumb Code     2  startup_stm32l476xx.o(.text)
    HardFault_Handler                        0x08000341   Thumb Code     2  startup_stm32l476xx.o(.text)
    MemManage_Handler                        0x08000343   Thumb Code     2  startup_stm32l476xx.o(.text)
    BusFault_Handler                         0x08000345   Thumb Code     2  startup_stm32l476xx.o(.text)
    UsageFault_Handler                       0x08000347   Thumb Code     2  startup_stm32l476xx.o(.text)
    SVC_Handler                              0x08000349   Thumb Code     2  startup_stm32l476xx.o(.text)
    DebugMon_Handler                         0x0800034b   Thumb Code     2  startup_stm32l476xx.o(.text)
    PendSV_Handler                           0x0800034d   Thumb Code     2  startup_stm32l476xx.o(.text)
    ADC1_2_IRQHandler                        0x08000351   Thumb Code     0  startup_stm32l476xx.o(.text)
    ADC3_IRQHandler                          0x08000351   Thumb Code     0  startup_stm32l476xx.o(.text)
    CAN1_RX0_IRQHandler                      0x08000351   Thumb Code     0  startup_stm32l476xx.o(.text)
    CAN1_RX1_IRQHandler                      0x08000351   Thumb Code     0  startup_stm32l476xx.o(.text)
    CAN1_SCE_IRQHandler                      0x08000351   Thumb Code     0  startup_stm32l476xx.o(.text)
    CAN1_TX_IRQHandler                       0x08000351   Thumb Code     0  startup_stm32l476xx.o(.text)
    COMP_IRQHandler                          0x08000351   Thumb Code     0  startup_stm32l476xx.o(.text)
    DFSDM0_IRQHandler                        0x08000351   Thumb Code     0  startup_stm32l476xx.o(.text)
    DFSDM1_IRQHandler                        0x08000351   Thumb Code     0  startup_stm32l476xx.o(.text)
    DFSDM2_IRQHandler                        0x08000351   Thumb Code     0  startup_stm32l476xx.o(.text)
    DFSDM3_IRQHandler                        0x08000351   Thumb Code     0  startup_stm32l476xx.o(.text)
    DMA1_Channel1_IRQHandler                 0x08000351   Thumb Code     0  startup_stm32l476xx.o(.text)
    DMA1_Channel2_IRQHandler                 0x08000351   Thumb Code     0  startup_stm32l476xx.o(.text)
    DMA1_Channel3_IRQHandler                 0x08000351   Thumb Code     0  startup_stm32l476xx.o(.text)
    DMA1_Channel5_IRQHandler                 0x08000351   Thumb Code     0  startup_stm32l476xx.o(.text)
    DMA1_Channel6_IRQHandler                 0x08000351   Thumb Code     0  startup_stm32l476xx.o(.text)
    DMA2_Channel1_IRQHandler                 0x08000351   Thumb Code     0  startup_stm32l476xx.o(.text)
    DMA2_Channel2_IRQHandler                 0x08000351   Thumb Code     0  startup_stm32l476xx.o(.text)
    DMA2_Channel3_IRQHandler                 0x08000351   Thumb Code     0  startup_stm32l476xx.o(.text)
    DMA2_Channel4_IRQHandler                 0x08000351   Thumb Code     0  startup_stm32l476xx.o(.text)
    DMA2_Channel5_IRQHandler                 0x08000351   Thumb Code     0  startup_stm32l476xx.o(.text)
    DMA2_Channel6_IRQHandler                 0x08000351   Thumb Code     0  startup_stm32l476xx.o(.text)
    DMA2_Channel7_IRQHandler                 0x08000351   Thumb Code     0  startup_stm32l476xx.o(.text)
    EXTI0_IRQHandler                         0x08000351   Thumb Code     0  startup_stm32l476xx.o(.text)
    EXTI15_10_IRQHandler                     0x08000351   Thumb Code     0  startup_stm32l476xx.o(.text)
    EXTI1_IRQHandler                         0x08000351   Thumb Code     0  startup_stm32l476xx.o(.text)
    EXTI2_IRQHandler                         0x08000351   Thumb Code     0  startup_stm32l476xx.o(.text)
    EXTI3_IRQHandler                         0x08000351   Thumb Code     0  startup_stm32l476xx.o(.text)
    EXTI4_IRQHandler                         0x08000351   Thumb Code     0  startup_stm32l476xx.o(.text)
    EXTI9_5_IRQHandler                       0x08000351   Thumb Code     0  startup_stm32l476xx.o(.text)
    FLASH_IRQHandler                         0x08000351   Thumb Code     0  startup_stm32l476xx.o(.text)
    FMC_IRQHandler                           0x08000351   Thumb Code     0  startup_stm32l476xx.o(.text)
    FPU_IRQHandler                           0x08000351   Thumb Code     0  startup_stm32l476xx.o(.text)
    I2C1_ER_IRQHandler                       0x08000351   Thumb Code     0  startup_stm32l476xx.o(.text)
    I2C1_EV_IRQHandler                       0x08000351   Thumb Code     0  startup_stm32l476xx.o(.text)
    I2C2_ER_IRQHandler                       0x08000351   Thumb Code     0  startup_stm32l476xx.o(.text)
    I2C2_EV_IRQHandler                       0x08000351   Thumb Code     0  startup_stm32l476xx.o(.text)
    I2C3_ER_IRQHandler                       0x08000351   Thumb Code     0  startup_stm32l476xx.o(.text)
    I2C3_EV_IRQHandler                       0x08000351   Thumb Code     0  startup_stm32l476xx.o(.text)
    LCD_IRQHandler                           0x08000351   Thumb Code     0  startup_stm32l476xx.o(.text)
    LPTIM1_IRQHandler                        0x08000351   Thumb Code     0  startup_stm32l476xx.o(.text)
    LPTIM2_IRQHandler                        0x08000351   Thumb Code     0  startup_stm32l476xx.o(.text)
    LPUART1_IRQHandler                       0x08000351   Thumb Code     0  startup_stm32l476xx.o(.text)
    OTG_FS_IRQHandler                        0x08000351   Thumb Code     0  startup_stm32l476xx.o(.text)
    PVD_PVM_IRQHandler                       0x08000351   Thumb Code     0  startup_stm32l476xx.o(.text)
    QUADSPI_IRQHandler                       0x08000351   Thumb Code     0  startup_stm32l476xx.o(.text)
    RCC_IRQHandler                           0x08000351   Thumb Code     0  startup_stm32l476xx.o(.text)
    RNG_IRQHandler                           0x08000351   Thumb Code     0  startup_stm32l476xx.o(.text)
    RTC_Alarm_IRQHandler                     0x08000351   Thumb Code     0  startup_stm32l476xx.o(.text)
    RTC_WKUP_IRQHandler                      0x08000351   Thumb Code     0  startup_stm32l476xx.o(.text)
    SAI1_IRQHandler                          0x08000351   Thumb Code     0  startup_stm32l476xx.o(.text)
    SAI2_IRQHandler                          0x08000351   Thumb Code     0  startup_stm32l476xx.o(.text)
    SDMMC1_IRQHandler                        0x08000351   Thumb Code     0  startup_stm32l476xx.o(.text)
    SPI1_IRQHandler                          0x08000351   Thumb Code     0  startup_stm32l476xx.o(.text)
    SPI2_IRQHandler                          0x08000351   Thumb Code     0  startup_stm32l476xx.o(.text)
    SPI3_IRQHandler                          0x08000351   Thumb Code     0  startup_stm32l476xx.o(.text)
    SWPMI1_IRQHandler                        0x08000351   Thumb Code     0  startup_stm32l476xx.o(.text)
    TAMP_STAMP_IRQHandler                    0x08000351   Thumb Code     0  startup_stm32l476xx.o(.text)
    TIM1_BRK_TIM15_IRQHandler                0x08000351   Thumb Code     0  startup_stm32l476xx.o(.text)
    TIM1_CC_IRQHandler                       0x08000351   Thumb Code     0  startup_stm32l476xx.o(.text)
    TIM1_TRG_COM_TIM17_IRQHandler            0x08000351   Thumb Code     0  startup_stm32l476xx.o(.text)
    TIM1_UP_TIM16_IRQHandler                 0x08000351   Thumb Code     0  startup_stm32l476xx.o(.text)
    TIM2_IRQHandler                          0x08000351   Thumb Code     0  startup_stm32l476xx.o(.text)
    TIM3_IRQHandler                          0x08000351   Thumb Code     0  startup_stm32l476xx.o(.text)
    TIM4_IRQHandler                          0x08000351   Thumb Code     0  startup_stm32l476xx.o(.text)
    TIM5_IRQHandler                          0x08000351   Thumb Code     0  startup_stm32l476xx.o(.text)
    TIM6_DAC_IRQHandler                      0x08000351   Thumb Code     0  startup_stm32l476xx.o(.text)
    TIM7_IRQHandler                          0x08000351   Thumb Code     0  startup_stm32l476xx.o(.text)
    TIM8_BRK_IRQHandler                      0x08000351   Thumb Code     0  startup_stm32l476xx.o(.text)
    TIM8_CC_IRQHandler                       0x08000351   Thumb Code     0  startup_stm32l476xx.o(.text)
    TIM8_TRG_COM_IRQHandler                  0x08000351   Thumb Code     0  startup_stm32l476xx.o(.text)
    TIM8_UP_IRQHandler                       0x08000351   Thumb Code     0  startup_stm32l476xx.o(.text)
    TSC_IRQHandler                           0x08000351   Thumb Code     0  startup_stm32l476xx.o(.text)
    UART4_IRQHandler                         0x08000351   Thumb Code     0  startup_stm32l476xx.o(.text)
    UART5_IRQHandler                         0x08000351   Thumb Code     0  startup_stm32l476xx.o(.text)
    USART3_IRQHandler                        0x08000351   Thumb Code     0  startup_stm32l476xx.o(.text)
    WWDG_IRQHandler                          0x08000351   Thumb Code     0  startup_stm32l476xx.o(.text)
    __user_initial_stackheap                 0x08000355   Thumb Code     0  startup_stm32l476xx.o(.text)
    sprintf                                  0x0800038d   Thumb Code    38  sprintf.o(.text)
    __use_two_region_memory                  0x080003b9   Thumb Code     2  heapauxi.o(.text)
    __rt_heap_escrow$2region                 0x080003bb   Thumb Code     2  heapauxi.o(.text)
    __rt_heap_expand$2region                 0x080003bd   Thumb Code     2  heapauxi.o(.text)
    _printf_pre_padding                      0x080003bf   Thumb Code    44  _printf_pad.o(.text)
    _printf_post_padding                     0x080003eb   Thumb Code    34  _printf_pad.o(.text)
    _printf_truncate_signed                  0x0800040d   Thumb Code    18  _printf_truncate.o(.text)
    _printf_truncate_unsigned                0x0800041f   Thumb Code    18  _printf_truncate.o(.text)
    _printf_str                              0x08000431   Thumb Code    82  _printf_str.o(.text)
    _printf_int_dec                          0x08000485   Thumb Code   104  _printf_dec.o(.text)
    _printf_charcount                        0x080004fd   Thumb Code    40  _printf_charcount.o(.text)
    _printf_char_common                      0x0800052f   Thumb Code    32  _printf_char_common.o(.text)
    _sputc                                   0x08000555   Thumb Code    10  _sputc.o(.text)
    _printf_wctomb                           0x08000561   Thumb Code   182  _printf_wctomb.o(.text)
    _printf_longlong_dec                     0x08000625   Thumb Code   108  _printf_longlong_dec.o(.text)
    _printf_longlong_oct                     0x080006a1   Thumb Code    68  _printf_oct_int_ll.o(.text)
    _printf_int_oct                          0x080006e5   Thumb Code    24  _printf_oct_int_ll.o(.text)
    _printf_ll_oct                           0x080006fd   Thumb Code    12  _printf_oct_int_ll.o(.text)
    _printf_longlong_hex                     0x08000711   Thumb Code    86  _printf_hex_int_ll_ptr.o(.text)
    _printf_int_hex                          0x08000767   Thumb Code    28  _printf_hex_int_ll_ptr.o(.text)
    _printf_ll_hex                           0x08000783   Thumb Code    12  _printf_hex_int_ll_ptr.o(.text)
    _printf_hex_ptr                          0x0800078f   Thumb Code    18  _printf_hex_int_ll_ptr.o(.text)
    __printf                                 0x080007a5   Thumb Code   388  __printf_flags_ss_wp.o(.text)
    _ll_udiv10                               0x08000933   Thumb Code   138  lludiv10.o(.text)
    _printf_int_common                       0x080009bd   Thumb Code   178  _printf_intcommon.o(.text)
    _printf_fp_dec_real                      0x08000c1f   Thumb Code   620  _printf_fp_dec.o(.text)
    _printf_fp_hex_real                      0x08000e91   Thumb Code   756  _printf_fp_hex.o(.text)
    _printf_cs_common                        0x08001193   Thumb Code    20  _printf_char.o(.text)
    _printf_char                             0x080011a7   Thumb Code    16  _printf_char.o(.text)
    _printf_string                           0x080011b7   Thumb Code     8  _printf_char.o(.text)
    _printf_lcs_common                       0x080011bf   Thumb Code    20  _printf_wchar.o(.text)
    _printf_wchar                            0x080011d3   Thumb Code    16  _printf_wchar.o(.text)
    _printf_wstring                          0x080011e3   Thumb Code     8  _printf_wchar.o(.text)
    _c16rtomb                                0x080011eb   Thumb Code    72  _c16rtomb.o(.text)
    _wcrtomb                                 0x080011eb   Thumb Code     0  _c16rtomb.o(.text)
    __user_setup_stackheap                   0x08001233   Thumb Code    74  sys_stackheap_outer.o(.text)
    __rt_ctype_table                         0x0800127d   Thumb Code    16  rt_ctype_table.o(.text)
    __rt_locale                              0x0800128d   Thumb Code     8  rt_locale_intlibspace.o(.text)
    _printf_fp_infnan                        0x08001295   Thumb Code   112  _printf_fp_infnan.o(.text)
    _btod_etento                             0x08001315   Thumb Code   224  bigflt0.o(.text)
    exit                                     0x080013f9   Thumb Code    18  exit.o(.text)
    __user_libspace                          0x0800140d   Thumb Code     8  libspace.o(.text)
    __user_perproc_libspace                  0x0800140d   Thumb Code     0  libspace.o(.text)
    __user_perthread_libspace                0x0800140d   Thumb Code     0  libspace.o(.text)
    strcmp                                   0x08001419   Thumb Code   124  strcmpv7em.o(.text)
    _sys_exit                                0x08001495   Thumb Code     8  sys_exit.o(.text)
    __I$use$semihosting                      0x080014a1   Thumb Code     0  use_no_semi.o(.text)
    __use_no_semihosting_swi                 0x080014a1   Thumb Code     2  use_no_semi.o(.text)
    __semihosting_library_function           0x080014a3   Thumb Code     0  indicate_semi.o(.text)
    DMA1_Channel4_IRQHandler                 0x080014a5   Thumb Code    72  dma.o(.text.DMA1_Channel4_IRQHandler)
    DMA1_Channel7_IRQHandler                 0x080014ed   Thumb Code    72  dma.o(.text.DMA1_Channel7_IRQHandler)
    DMA_Init_UARTx                           0x08001535   Thumb Code   218  dma.o(.text.DMA_Init_UARTx)
    I2C_GPIO_Init                            0x08001611   Thumb Code   186  i2c.o(.text.I2C_GPIO_Init)
    I2C_Initialization                       0x080016cd   Thumb Code   306  i2c.o(.text.I2C_Initialization)
    I2C_ReceiveData                          0x08001801   Thumb Code   154  i2c.o(.text.I2C_ReceiveData)
    I2C_SendData                             0x0800189d   Thumb Code   220  i2c.o(.text.I2C_SendData)
    I2C_Start                                0x08001979   Thumb Code   108  i2c.o(.text.I2C_Start)
    I2C_Stop                                 0x080019e5   Thumb Code    34  i2c.o(.text.I2C_Stop)
    I2C_WaitLineIdle                         0x08001a09   Thumb Code    24  i2c.o(.text.I2C_WaitLineIdle)
    LED_Init                                 0x08001a21   Thumb Code    66  led.o(.text.LED_Init)
    LED_Toggle                               0x08001a65   Thumb Code    16  led.o(.text.LED_Toggle)
    Motor_Init                               0x08001a75   Thumb Code   258  motor.o(.text.Motor_Init)
    SPI1_GPIO_Init                           0x08001b79   Thumb Code   350  spi.o(.text.SPI1_GPIO_Init)
    SPI1_Init                                0x08001cd9   Thumb Code   202  spi.o(.text.SPI1_Init)
    SPI_Transfer_Data                        0x08001da5   Thumb Code   106  spi.o(.text.SPI_Transfer_Data)
    SysTick_Handler                          0x08001e11   Thumb Code    22  systimer.o(.text.SysTick_Handler)
    SysTick_Init                             0x08001e29   Thumb Code    82  systimer.o(.text.SysTick_Init)
    System_Clock_Init                        0x08001e7d   Thumb Code   466  sysclock.o(.text.System_Clock_Init)
    UART2_GPIO_Init                          0x08002051   Thumb Code   206  uart.o(.text.UART2_GPIO_Init)
    UART2_Init                               0x08002121   Thumb Code   146  uart.o(.text.UART2_Init)
    UART_onInput                             0x080021b5   Thumb Code   236  main.o(.text.UART_onInput)
    UART_print                               0x080022a1   Thumb Code   310  uart.o(.text.UART_print)
    USART1_IRQHandler                        0x080023d9   Thumb Code   112  uart.o(.text.USART1_IRQHandler)
    USART2_IRQHandler                        0x08002449   Thumb Code   130  uart.o(.text.USART2_IRQHandler)
    USART_Init                               0x080024cd   Thumb Code   122  uart.o(.text.USART_Init)
    accRead                                  0x08002705   Thumb Code    52  accelerometer.o(.text.accRead)
    accWrite                                 0x08002739   Thumb Code    44  accelerometer.o(.text.accWrite)
    delay                                    0x08002765   Thumb Code    74  systimer.o(.text.delay)
    initAcc                                  0x080027b1   Thumb Code    28  accelerometer.o(.text.initAcc)
    main                                     0x080027cd   Thumb Code   292  main.o(.text.main)
    on_complete_transfer                     0x080028f1   Thumb Code    70  uart.o(.text.on_complete_transfer)
    readValues                               0x08002939   Thumb Code   272  accelerometer.o(.text.readValues)
    rotate                                   0x08002a49   Thumb Code   156  motor.o(.text.rotate)
    setDire                                  0x08002ae5   Thumb Code    24  motor.o(.text.setDire)
    transfer_data                            0x08002afd   Thumb Code    80  uart.o(.text.transfer_data)
    _btod_d2e                                0x08002b4d   Thumb Code    62  btod.o(CL$$btod_d2e)
    _d2e_denorm_low                          0x08002b8b   Thumb Code    70  btod.o(CL$$btod_d2e_denorm_low)
    _d2e_norm_op1                            0x08002bd1   Thumb Code    96  btod.o(CL$$btod_d2e_norm_op1)
    __btod_div_common                        0x08002c31   Thumb Code   696  btod.o(CL$$btod_div_common)
    _e2e                                     0x08002f69   Thumb Code   220  btod.o(CL$$btod_e2e)
    _btod_ediv                               0x08003045   Thumb Code    42  btod.o(CL$$btod_ediv)
    _btod_emul                               0x0800306f   Thumb Code    42  btod.o(CL$$btod_emul)
    __btod_mult_common                       0x08003099   Thumb Code   580  btod.o(CL$$btod_mult_common)
    __ARM_fpclassify                         0x080032dd   Thumb Code    48  fpclassify.o(i.__ARM_fpclassify)
    _is_digit                                0x0800330d   Thumb Code    14  __printf_wp.o(i._is_digit)
    _get_lc_numeric                          0x0800331d   Thumb Code    44  lc_numeric_c.o(locale$$code)
    _get_lc_ctype                            0x08003349   Thumb Code    44  lc_ctype_c.o(locale$$code)
    __aeabi_i2d                              0x08003375   Thumb Code     0  dflt_clz.o(x$fpl$dflt)
    _dflt                                    0x08003375   Thumb Code    46  dflt_clz.o(x$fpl$dflt)
    __aeabi_dmul                             0x080033a5   Thumb Code     0  dmul.o(x$fpl$dmul)
    _dmul                                    0x080033a5   Thumb Code   332  dmul.o(x$fpl$dmul)
    __fpl_dnaninf                            0x080034f9   Thumb Code   156  dnaninf.o(x$fpl$dnaninf)
    __fpl_dretinf                            0x08003595   Thumb Code    12  dretinf.o(x$fpl$dretinf)
    _fp_init                                 0x080035a1   Thumb Code    26  fpinit.o(x$fpl$fpinit)
    __fplib_config_fpu_vfp                   0x080035b9   Thumb Code     0  fpinit.o(x$fpl$fpinit)
    __fplib_config_pureend_doubles           0x080035b9   Thumb Code     0  fpinit.o(x$fpl$fpinit)
    _printf_fp_dec                           0x080035bb   Thumb Code     4  printf1.o(x$fpl$printf1)
    _printf_fp_hex                           0x080035bf   Thumb Code     4  printf2.o(x$fpl$printf2)
    __I$use$fp                               0x080035c2   Number         0  usenofp.o(x$fpl$usenofp)
    Region$$Table$$Base                      0x08003788   Number         0  anon$$obj.o(Region$$Table)
    Region$$Table$$Limit                     0x080037a8   Number         0  anon$$obj.o(Region$$Table)
    __ctype                                  0x080037d1   Data           0  lc_ctype_c.o(locale$$data)
    Image$$ER_IROM1$$RO$$Limit               0x080038d4   Number         0  anon$$obj.o ABSOLUTE
    Image$$ER_IROM1$$RW$$Base                0x080038d4   Number         0  anon$$obj.o ABSOLUTE
    Image$$ER_IROM1$$RW$$Limit               0x080038d4   Number         0  anon$$obj.o ABSOLUTE
    Image$$ER_IROM1$$ZI$$Base                0x080038d4   Number         0  anon$$obj.o ABSOLUTE
    Image$$ER_IROM1$$ZI$$Limit               0x080038d4   Number         0  anon$$obj.o ABSOLUTE
    Load$$RW_IRAM1$$Base                     0x080038d8   Number         0  anon$$obj.o ABSOLUTE
    Image$$RW_IRAM1$$Base                    0x20000000   Number         0  anon$$obj.o ABSOLUTE
    Image$$RW_IRAM1$$RO$$Base                0x20000000   Number         0  anon$$obj.o ABSOLUTE
    Image$$RW_IRAM1$$RW$$Base                0x20000000   Number         0  anon$$obj.o ABSOLUTE
    Image$$RW_IRAM1$$Limit                   0x20000008   Number         0  anon$$obj.o ABSOLUTE
    Image$$RW_IRAM1$$RW$$Limit               0x20000008   Number         0  anon$$obj.o ABSOLUTE
    Image$$RW_IRAM1$$ZI$$Base                0x20000008   Number         0  anon$$obj.o ABSOLUTE
    __libspace_start                         0x20000008   Data          96  libspace.o(.bss)
    __temporary_stack_top$libspace           0x20000068   Data           0  libspace.o(.bss)
    Image$$RW_IRAM1$$ZI$$Limit               0x20000a78   Number         0  anon$$obj.o ABSOLUTE



==============================================================================

Memory Map of the image

  Image Entry point : 0x08000189

  Load Region LR_IROM1 (Base: 0x08000000, Size: 0x000038e0, Max: 0x00100000, ABSOLUTE)

    Execution Region ER_IROM1 (Exec base: 0x08000000, Load base: 0x08000000, Size: 0x000038d4, Max: 0x00100000, ABSOLUTE)

    Exec Addr    Load Addr    Size         Type   Attr      Idx    E Section Name        Object

    0x08000000   0x08000000   0x00000188   Data   RO           17    RESET               startup_stm32l476xx.o
    0x08000188   0x08000188   0x00000008   Code   RO          196  * !!!main             c_w.l(__main.o)
    0x08000190   0x08000190   0x0000005c   Code   RO          545    !!!scatter          c_w.l(__scatter.o)
    0x080001ec   0x080001ec   0x0000001a   Code   RO          549    !!handler_copy      c_w.l(__scatter_copy.o)
    0x08000206   0x08000206   0x00000002   PAD
    0x08000208   0x08000208   0x00000002   Code   RO          546    !!handler_null      c_w.l(__scatter.o)
    0x0800020a   0x0800020a   0x00000002   PAD
    0x0800020c   0x0800020c   0x0000001c   Code   RO          551    !!handler_zi        c_w.l(__scatter_zi.o)
    0x08000228   0x08000228   0x00000000   Code   RO          288    .ARM.Collect$$_printf_percent$$00000000  c_w.l(_printf_percent.o)
    0x08000228   0x08000228   0x00000006   Code   RO          277    .ARM.Collect$$_printf_percent$$00000001  c_w.l(_printf_n.o)
    0x0800022e   0x0800022e   0x00000006   Code   RO          279    .ARM.Collect$$_printf_percent$$00000002  c_w.l(_printf_p.o)
    0x08000234   0x08000234   0x00000006   Code   RO          284    .ARM.Collect$$_printf_percent$$00000003  c_w.l(_printf_f.o)
    0x0800023a   0x0800023a   0x00000006   Code   RO          285    .ARM.Collect$$_printf_percent$$00000004  c_w.l(_printf_e.o)
    0x08000240   0x08000240   0x00000006   Code   RO          286    .ARM.Collect$$_printf_percent$$00000005  c_w.l(_printf_g.o)
    0x08000246   0x08000246   0x00000006   Code   RO          287    .ARM.Collect$$_printf_percent$$00000006  c_w.l(_printf_a.o)
    0x0800024c   0x0800024c   0x0000000a   Code   RO          292    .ARM.Collect$$_printf_percent$$00000007  c_w.l(_printf_ll.o)
    0x08000256   0x08000256   0x00000006   Code   RO          281    .ARM.Collect$$_printf_percent$$00000008  c_w.l(_printf_i.o)
    0x0800025c   0x0800025c   0x00000006   Code   RO          282    .ARM.Collect$$_printf_percent$$00000009  c_w.l(_printf_d.o)
    0x08000262   0x08000262   0x00000006   Code   RO          283    .ARM.Collect$$_printf_percent$$0000000A  c_w.l(_printf_u.o)
    0x08000268   0x08000268   0x00000006   Code   RO          280    .ARM.Collect$$_printf_percent$$0000000B  c_w.l(_printf_o.o)
    0x0800026e   0x0800026e   0x00000006   Code   RO          278    .ARM.Collect$$_printf_percent$$0000000C  c_w.l(_printf_x.o)
    0x08000274   0x08000274   0x00000006   Code   RO          289    .ARM.Collect$$_printf_percent$$0000000D  c_w.l(_printf_lli.o)
    0x0800027a   0x0800027a   0x00000006   Code   RO          290    .ARM.Collect$$_printf_percent$$0000000E  c_w.l(_printf_lld.o)
    0x08000280   0x08000280   0x00000006   Code   RO          291    .ARM.Collect$$_printf_percent$$0000000F  c_w.l(_printf_llu.o)
    0x08000286   0x08000286   0x00000006   Code   RO          296    .ARM.Collect$$_printf_percent$$00000010  c_w.l(_printf_llo.o)
    0x0800028c   0x0800028c   0x00000006   Code   RO          297    .ARM.Collect$$_printf_percent$$00000011  c_w.l(_printf_llx.o)
    0x08000292   0x08000292   0x0000000a   Code   RO          293    .ARM.Collect$$_printf_percent$$00000012  c_w.l(_printf_l.o)
    0x0800029c   0x0800029c   0x00000006   Code   RO          275    .ARM.Collect$$_printf_percent$$00000013  c_w.l(_printf_c.o)
    0x080002a2   0x080002a2   0x00000006   Code   RO          276    .ARM.Collect$$_printf_percent$$00000014  c_w.l(_printf_s.o)
    0x080002a8   0x080002a8   0x00000006   Code   RO          294    .ARM.Collect$$_printf_percent$$00000015  c_w.l(_printf_lc.o)
    0x080002ae   0x080002ae   0x00000006   Code   RO          295    .ARM.Collect$$_printf_percent$$00000016  c_w.l(_printf_ls.o)
    0x080002b4   0x080002b4   0x00000004   Code   RO          343    .ARM.Collect$$_printf_percent$$00000017  c_w.l(_printf_percent_end.o)
    0x080002b8   0x080002b8   0x00000002   Code   RO          394    .ARM.Collect$$libinit$$00000000  c_w.l(libinit.o)
    0x080002ba   0x080002ba   0x00000004   Code   RO          411    .ARM.Collect$$libinit$$00000001  c_w.l(libinit2.o)
    0x080002be   0x080002be   0x00000000   Code   RO          414    .ARM.Collect$$libinit$$00000004  c_w.l(libinit2.o)
    0x080002be   0x080002be   0x00000000   Code   RO          416    .ARM.Collect$$libinit$$00000006  c_w.l(libinit2.o)
    0x080002be   0x080002be   0x00000000   Code   RO          419    .ARM.Collect$$libinit$$0000000C  c_w.l(libinit2.o)
    0x080002be   0x080002be   0x00000000   Code   RO          421    .ARM.Collect$$libinit$$0000000E  c_w.l(libinit2.o)
    0x080002be   0x080002be   0x00000000   Code   RO          423    .ARM.Collect$$libinit$$00000010  c_w.l(libinit2.o)
    0x080002be   0x080002be   0x00000006   Code   RO          424    .ARM.Collect$$libinit$$00000011  c_w.l(libinit2.o)
    0x080002c4   0x080002c4   0x00000000   Code   RO          426    .ARM.Collect$$libinit$$00000013  c_w.l(libinit2.o)
    0x080002c4   0x080002c4   0x0000000c   Code   RO          427    .ARM.Collect$$libinit$$00000014  c_w.l(libinit2.o)
    0x080002d0   0x080002d0   0x00000000   Code   RO          428    .ARM.Collect$$libinit$$00000015  c_w.l(libinit2.o)
    0x080002d0   0x080002d0   0x00000000   Code   RO          430    .ARM.Collect$$libinit$$00000017  c_w.l(libinit2.o)
    0x080002d0   0x080002d0   0x0000000a   Code   RO          431    .ARM.Collect$$libinit$$00000018  c_w.l(libinit2.o)
    0x080002da   0x080002da   0x00000000   Code   RO          432    .ARM.Collect$$libinit$$00000019  c_w.l(libinit2.o)
    0x080002da   0x080002da   0x00000000   Code   RO          434    .ARM.Collect$$libinit$$0000001B  c_w.l(libinit2.o)
    0x080002da   0x080002da   0x00000000   Code   RO          436    .ARM.Collect$$libinit$$0000001D  c_w.l(libinit2.o)
    0x080002da   0x080002da   0x00000000   Code   RO          438    .ARM.Collect$$libinit$$0000001F  c_w.l(libinit2.o)
    0x080002da   0x080002da   0x00000000   Code   RO          440    .ARM.Collect$$libinit$$00000021  c_w.l(libinit2.o)
    0x080002da   0x080002da   0x00000000   Code   RO          442    .ARM.Collect$$libinit$$00000023  c_w.l(libinit2.o)
    0x080002da   0x080002da   0x00000000   Code   RO          444    .ARM.Collect$$libinit$$00000025  c_w.l(libinit2.o)
    0x080002da   0x080002da   0x00000000   Code   RO          446    .ARM.Collect$$libinit$$00000027  c_w.l(libinit2.o)
    0x080002da   0x080002da   0x00000000   Code   RO          450    .ARM.Collect$$libinit$$0000002E  c_w.l(libinit2.o)
    0x080002da   0x080002da   0x00000000   Code   RO          452    .ARM.Collect$$libinit$$00000030  c_w.l(libinit2.o)
    0x080002da   0x080002da   0x00000000   Code   RO          454    .ARM.Collect$$libinit$$00000032  c_w.l(libinit2.o)
    0x080002da   0x080002da   0x00000000   Code   RO          456    .ARM.Collect$$libinit$$00000034  c_w.l(libinit2.o)
    0x080002da   0x080002da   0x00000002   Code   RO          457    .ARM.Collect$$libinit$$00000035  c_w.l(libinit2.o)
    0x080002dc   0x080002dc   0x00000002   Code   RO          481    .ARM.Collect$$libshutdown$$00000000  c_w.l(libshutdown.o)
    0x080002de   0x080002de   0x00000000   Code   RO          496    .ARM.Collect$$libshutdown$$00000002  c_w.l(libshutdown2.o)
    0x080002de   0x080002de   0x00000000   Code   RO          498    .ARM.Collect$$libshutdown$$00000004  c_w.l(libshutdown2.o)
    0x080002de   0x080002de   0x00000000   Code   RO          501    .ARM.Collect$$libshutdown$$00000007  c_w.l(libshutdown2.o)
    0x080002de   0x080002de   0x00000000   Code   RO          504    .ARM.Collect$$libshutdown$$0000000A  c_w.l(libshutdown2.o)
    0x080002de   0x080002de   0x00000000   Code   RO          506    .ARM.Collect$$libshutdown$$0000000C  c_w.l(libshutdown2.o)
    0x080002de   0x080002de   0x00000000   Code   RO          509    .ARM.Collect$$libshutdown$$0000000F  c_w.l(libshutdown2.o)
    0x080002de   0x080002de   0x00000002   Code   RO          510    .ARM.Collect$$libshutdown$$00000010  c_w.l(libshutdown2.o)
    0x080002e0   0x080002e0   0x00000000   Code   RO          206    .ARM.Collect$$rtentry$$00000000  c_w.l(__rtentry.o)
    0x080002e0   0x080002e0   0x00000000   Code   RO          312    .ARM.Collect$$rtentry$$00000002  c_w.l(__rtentry2.o)
    0x080002e0   0x080002e0   0x00000006   Code   RO          324    .ARM.Collect$$rtentry$$00000004  c_w.l(__rtentry4.o)
    0x080002e6   0x080002e6   0x00000000   Code   RO          314    .ARM.Collect$$rtentry$$00000009  c_w.l(__rtentry2.o)
    0x080002e6   0x080002e6   0x00000004   Code   RO          315    .ARM.Collect$$rtentry$$0000000A  c_w.l(__rtentry2.o)
    0x080002ea   0x080002ea   0x00000000   Code   RO          317    .ARM.Collect$$rtentry$$0000000C  c_w.l(__rtentry2.o)
    0x080002ea   0x080002ea   0x00000008   Code   RO          318    .ARM.Collect$$rtentry$$0000000D  c_w.l(__rtentry2.o)
    0x080002f2   0x080002f2   0x00000002   Code   RO          402    .ARM.Collect$$rtexit$$00000000  c_w.l(rtexit.o)
    0x080002f4   0x080002f4   0x00000000   Code   RO          459    .ARM.Collect$$rtexit$$00000002  c_w.l(rtexit2.o)
    0x080002f4   0x080002f4   0x00000004   Code   RO          460    .ARM.Collect$$rtexit$$00000003  c_w.l(rtexit2.o)
    0x080002f8   0x080002f8   0x00000006   Code   RO          461    .ARM.Collect$$rtexit$$00000004  c_w.l(rtexit2.o)
    0x080002fe   0x080002fe   0x00000002   PAD
    0x08000300   0x08000300   0x0000008c   Code   RO           18    .text               startup_stm32l476xx.o
    0x0800038c   0x0800038c   0x0000002c   Code   RO          192    .text               c_w.l(sprintf.o)
    0x080003b8   0x080003b8   0x00000006   Code   RO          194    .text               c_w.l(heapauxi.o)
    0x080003be   0x080003be   0x0000004e   Code   RO          209    .text               c_w.l(_printf_pad.o)
    0x0800040c   0x0800040c   0x00000024   Code   RO          211    .text               c_w.l(_printf_truncate.o)
    0x08000430   0x08000430   0x00000052   Code   RO          213    .text               c_w.l(_printf_str.o)
    0x08000482   0x08000482   0x00000002   PAD
    0x08000484   0x08000484   0x00000078   Code   RO          215    .text               c_w.l(_printf_dec.o)
    0x080004fc   0x080004fc   0x00000028   Code   RO          217    .text               c_w.l(_printf_charcount.o)
    0x08000524   0x08000524   0x00000030   Code   RO          219    .text               c_w.l(_printf_char_common.o)
    0x08000554   0x08000554   0x0000000a   Code   RO          221    .text               c_w.l(_sputc.o)
    0x0800055e   0x0800055e   0x00000002   PAD
    0x08000560   0x08000560   0x000000c2   Code   RO          223    .text               c_w.l(_printf_wctomb.o)
    0x08000622   0x08000622   0x00000002   PAD
    0x08000624   0x08000624   0x0000007c   Code   RO          226    .text               c_w.l(_printf_longlong_dec.o)
    0x080006a0   0x080006a0   0x00000070   Code   RO          232    .text               c_w.l(_printf_oct_int_ll.o)
    0x08000710   0x08000710   0x00000094   Code   RO          252    .text               c_w.l(_printf_hex_int_ll_ptr.o)
    0x080007a4   0x080007a4   0x0000018e   Code   RO          272    .text               c_w.l(__printf_flags_ss_wp.o)
    0x08000932   0x08000932   0x0000008a   Code   RO          326    .text               c_w.l(lludiv10.o)
    0x080009bc   0x080009bc   0x000000b2   Code   RO          328    .text               c_w.l(_printf_intcommon.o)
    0x08000a6e   0x08000a6e   0x00000422   Code   RO          330    .text               c_w.l(_printf_fp_dec.o)
    0x08000e90   0x08000e90   0x00000302   Code   RO          334    .text               c_w.l(_printf_fp_hex.o)
    0x08001192   0x08001192   0x0000002c   Code   RO          339    .text               c_w.l(_printf_char.o)
    0x080011be   0x080011be   0x0000002c   Code   RO          341    .text               c_w.l(_printf_wchar.o)
    0x080011ea   0x080011ea   0x00000048   Code   RO          344    .text               c_w.l(_c16rtomb.o)
    0x08001232   0x08001232   0x0000004a   Code   RO          346    .text               c_w.l(sys_stackheap_outer.o)
    0x0800127c   0x0800127c   0x00000010   Code   RO          348    .text               c_w.l(rt_ctype_table.o)
    0x0800128c   0x0800128c   0x00000008   Code   RO          353    .text               c_w.l(rt_locale_intlibspace.o)
    0x08001294   0x08001294   0x00000080   Code   RO          355    .text               c_w.l(_printf_fp_infnan.o)
    0x08001314   0x08001314   0x000000e4   Code   RO          357    .text               c_w.l(bigflt0.o)
    0x080013f8   0x080013f8   0x00000012   Code   RO          387    .text               c_w.l(exit.o)
    0x0800140a   0x0800140a   0x00000002   PAD
    0x0800140c   0x0800140c   0x00000008   Code   RO          399    .text               c_w.l(libspace.o)
    0x08001414   0x08001414   0x00000004   PAD
    0x08001418   0x08001418   0x0000007c   Code   RO          409    .text               c_w.l(strcmpv7em.o)
    0x08001494   0x08001494   0x0000000c   Code   RO          471    .text               c_w.l(sys_exit.o)
    0x080014a0   0x080014a0   0x00000002   Code   RO          486    .text               c_w.l(use_no_semi.o)
    0x080014a2   0x080014a2   0x00000000   Code   RO          488    .text               c_w.l(indicate_semi.o)
    0x080014a2   0x080014a2   0x00000002   PAD
    0x080014a4   0x080014a4   0x00000048   Code   RO           59    .text.DMA1_Channel4_IRQHandler  dma.o
    0x080014ec   0x080014ec   0x00000048   Code   RO           61    .text.DMA1_Channel7_IRQHandler  dma.o
    0x08001534   0x08001534   0x000000da   Code   RO           51    .text.DMA_Init_UARTx  dma.o
    0x0800160e   0x0800160e   0x00000002   PAD
    0x08001610   0x08001610   0x000000ba   Code   RO          111    .text.I2C_GPIO_Init  i2c.o
    0x080016ca   0x080016ca   0x00000002   PAD
    0x080016cc   0x080016cc   0x00000132   Code   RO          113    .text.I2C_Initialization  i2c.o
    0x080017fe   0x080017fe   0x00000002   PAD
    0x08001800   0x08001800   0x0000009a   Code   RO          123    .text.I2C_ReceiveData  i2c.o
    0x0800189a   0x0800189a   0x00000002   PAD
    0x0800189c   0x0800189c   0x000000dc   Code   RO          121    .text.I2C_SendData  i2c.o
    0x08001978   0x08001978   0x0000006c   Code   RO          115    .text.I2C_Start     i2c.o
    0x080019e4   0x080019e4   0x00000022   Code   RO          117    .text.I2C_Stop      i2c.o
    0x08001a06   0x08001a06   0x00000002   PAD
    0x08001a08   0x08001a08   0x00000018   Code   RO          119    .text.I2C_WaitLineIdle  i2c.o
    0x08001a20   0x08001a20   0x00000042   Code   RO          145    .text.LED_Init      led.o
    0x08001a62   0x08001a62   0x00000002   PAD
    0x08001a64   0x08001a64   0x00000010   Code   RO          151    .text.LED_Toggle    led.o
    0x08001a74   0x08001a74   0x00000102   Code   RO          160    .text.Motor_Init    motor.o
    0x08001b76   0x08001b76   0x00000002   PAD
    0x08001b78   0x08001b78   0x0000015e   Code   RO          132    .text.SPI1_GPIO_Init  spi.o
    0x08001cd6   0x08001cd6   0x00000002   PAD
    0x08001cd8   0x08001cd8   0x000000ca   Code   RO          134    .text.SPI1_Init     spi.o
    0x08001da2   0x08001da2   0x00000002   PAD
    0x08001da4   0x08001da4   0x0000006a   Code   RO          136    .text.SPI_Transfer_Data  spi.o
    0x08001e0e   0x08001e0e   0x00000002   PAD
    0x08001e10   0x08001e10   0x00000016   Code   RO           39    .text.SysTick_Handler  systimer.o
    0x08001e26   0x08001e26   0x00000002   PAD
    0x08001e28   0x08001e28   0x00000052   Code   RO           33    .text.SysTick_Init  systimer.o
    0x08001e7a   0x08001e7a   0x00000002   PAD
    0x08001e7c   0x08001e7c   0x000001d2   Code   RO           25    .text.System_Clock_Init  sysclock.o
    0x0800204e   0x0800204e   0x00000002   PAD
    0x08002050   0x08002050   0x000000ce   Code   RO           82    .text.UART2_GPIO_Init  uart.o
    0x0800211e   0x0800211e   0x00000002   PAD
    0x08002120   0x08002120   0x00000092   Code   RO           80    .text.UART2_Init    uart.o
    0x080021b2   0x080021b2   0x00000002   PAD
    0x080021b4   0x080021b4   0x000000ec   Code   RO            2    .text.UART_onInput  main.o
    0x080022a0   0x080022a0   0x00000136   Code   RO           84    .text.UART_print    uart.o
    0x080023d6   0x080023d6   0x00000002   PAD
    0x080023d8   0x080023d8   0x00000070   Code   RO           90    .text.USART1_IRQHandler  uart.o
    0x08002448   0x08002448   0x00000082   Code   RO           94    .text.USART2_IRQHandler  uart.o
    0x080024ca   0x080024ca   0x00000002   PAD
    0x080024cc   0x080024cc   0x0000007a   Code   RO           74    .text.USART_Init    uart.o
    0x08002546   0x08002546   0x00000002   PAD
    0x08002548   0x08002548   0x00000030   Code   RO           53    .text.__NVIC_ClearPendingIRQ  dma.o
    0x08002578   0x08002578   0x00000030   Code   RO           92    .text.__NVIC_ClearPendingIRQ  uart.o
    0x080025a8   0x080025a8   0x00000030   Code   RO           35    .text.__NVIC_EnableIRQ  systimer.o
    0x080025d8   0x080025d8   0x00000030   Code   RO           57    .text.__NVIC_EnableIRQ  dma.o
    0x08002608   0x08002608   0x00000030   Code   RO           76    .text.__NVIC_EnableIRQ  uart.o
    0x08002638   0x08002638   0x00000042   Code   RO           37    .text.__NVIC_SetPriority  systimer.o
    0x0800267a   0x0800267a   0x00000002   PAD
    0x0800267c   0x0800267c   0x00000042   Code   RO           55    .text.__NVIC_SetPriority  dma.o
    0x080026be   0x080026be   0x00000002   PAD
    0x080026c0   0x080026c0   0x00000042   Code   RO           78    .text.__NVIC_SetPriority  uart.o
    0x08002702   0x08002702   0x00000002   PAD
    0x08002704   0x08002704   0x00000034   Code   RO          178    .text.accRead       accelerometer.o
    0x08002738   0x08002738   0x0000002c   Code   RO          176    .text.accWrite      accelerometer.o
    0x08002764   0x08002764   0x0000004a   Code   RO           41    .text.delay         systimer.o
    0x080027ae   0x080027ae   0x00000002   PAD
    0x080027b0   0x080027b0   0x0000001c   Code   RO          180    .text.initAcc       accelerometer.o
    0x080027cc   0x080027cc   0x00000124   Code   RO            4    .text.main          main.o
    0x080028f0   0x080028f0   0x00000046   Code   RO           88    .text.on_complete_transfer  uart.o
    0x08002936   0x08002936   0x00000002   PAD
    0x08002938   0x08002938   0x00000110   Code   RO          182    .text.readValues    accelerometer.o
    0x08002a48   0x08002a48   0x0000009c   Code   RO          162    .text.rotate        motor.o
    0x08002ae4   0x08002ae4   0x00000018   Code   RO          164    .text.setDire       motor.o
    0x08002afc   0x08002afc   0x00000050   Code   RO           86    .text.transfer_data  uart.o
    0x08002b4c   0x08002b4c   0x0000003e   Code   RO          360    CL$$btod_d2e        c_w.l(btod.o)
    0x08002b8a   0x08002b8a   0x00000046   Code   RO          362    CL$$btod_d2e_denorm_low  c_w.l(btod.o)
    0x08002bd0   0x08002bd0   0x00000060   Code   RO          361    CL$$btod_d2e_norm_op1  c_w.l(btod.o)
    0x08002c30   0x08002c30   0x00000338   Code   RO          370    CL$$btod_div_common  c_w.l(btod.o)
    0x08002f68   0x08002f68   0x000000dc   Code   RO          367    CL$$btod_e2e        c_w.l(btod.o)
    0x08003044   0x08003044   0x0000002a   Code   RO          364    CL$$btod_ediv       c_w.l(btod.o)
    0x0800306e   0x0800306e   0x0000002a   Code   RO          363    CL$$btod_emul       c_w.l(btod.o)
    0x08003098   0x08003098   0x00000244   Code   RO          369    CL$$btod_mult_common  c_w.l(btod.o)
    0x080032dc   0x080032dc   0x00000030   Code   RO          397    i.__ARM_fpclassify  m_wm.l(fpclassify.o)
    0x0800330c   0x0800330c   0x0000000e   Code   RO          265    i._is_digit         c_w.l(__printf_wp.o)
    0x0800331a   0x0800331a   0x00000002   PAD
    0x0800331c   0x0800331c   0x0000002c   Code   RO          385    locale$$code        c_w.l(lc_numeric_c.o)
    0x08003348   0x08003348   0x0000002c   Code   RO          407    locale$$code        c_w.l(lc_ctype_c.o)
    0x08003374   0x08003374   0x0000002e   Code   RO          199    x$fpl$dflt          fz_wm.l(dflt_clz.o)
    0x080033a2   0x080033a2   0x00000002   PAD
    0x080033a4   0x080033a4   0x00000154   Code   RO          204    x$fpl$dmul          fz_wm.l(dmul.o)
    0x080034f8   0x080034f8   0x0000009c   Code   RO          298    x$fpl$dnaninf       fz_wm.l(dnaninf.o)
    0x08003594   0x08003594   0x0000000c   Code   RO          300    x$fpl$dretinf       fz_wm.l(dretinf.o)
    0x080035a0   0x080035a0   0x0000001a   Code   RO          469    x$fpl$fpinit        fz_wm.l(fpinit.o)
    0x080035ba   0x080035ba   0x00000004   Code   RO          302    x$fpl$printf1       fz_wm.l(printf1.o)
    0x080035be   0x080035be   0x00000004   Code   RO          304    x$fpl$printf2       fz_wm.l(printf2.o)
    0x080035c2   0x080035c2   0x00000000   Code   RO          310    x$fpl$usenofp       fz_wm.l(usenofp.o)
    0x080035c2   0x080035c2   0x00000002   PAD
    0x080035c4   0x080035c4   0x00000008   Data   RO          224    .constdata          c_w.l(_printf_wctomb.o)
    0x080035cc   0x080035cc   0x00000028   Data   RO          253    .constdata          c_w.l(_printf_hex_int_ll_ptr.o)
    0x080035f4   0x080035f4   0x00000011   Data   RO          273    .constdata          c_w.l(__printf_flags_ss_wp.o)
    0x08003605   0x08003605   0x00000026   Data   RO          335    .constdata          c_w.l(_printf_fp_hex.o)
    0x0800362b   0x0800362b   0x00000001   PAD
    0x0800362c   0x0800362c   0x00000094   Data   RO          358    .constdata          c_w.l(bigflt0.o)
    0x080036c0   0x080036c0   0x00000020   Data   RO          166    .rodata.HalfStep    motor.o
    0x080036e0   0x080036e0   0x000000a7   Data   RO            6    .rodata.str1.1      main.o
    0x08003787   0x08003787   0x00000001   PAD
    0x08003788   0x08003788   0x00000020   Data   RO          544    Region$$Table       anon$$obj.o
    0x080037a8   0x080037a8   0x0000001c   Data   RO          384    locale$$data        c_w.l(lc_numeric_c.o)
    0x080037c4   0x080037c4   0x00000110   Data   RO          406    locale$$data        c_w.l(lc_ctype_c.o)


    Execution Region RW_IRAM1 (Exec base: 0x20000000, Load base: 0x080038d8, Size: 0x00000a78, Max: 0x00018000, ABSOLUTE)

    Exec Addr    Load Addr    Size         Type   Attr      Idx    E Section Name        Object

    0x20000000   0x080038d8   0x00000004   Data   RW           97    .data.active        uart.o
    0x20000004   0x080038dc   0x00000004   Data   RW           98    .data.pending       uart.o
    0x20000008        -       0x00000060   Zero   RW          400    .bss                c_w.l(libspace.o)
    0x20000068        -       0x00000100   Zero   RW            7    .bss.buffer         main.o
    0x20000168        -       0x00000100   Zero   RW          102    .bss.data_t_0       uart.o
    0x20000268        -       0x00000100   Zero   RW          103    .bss.data_t_1       uart.o
    0x20000368        -       0x00000001   Zero   RW          168    .bss.dire           motor.o
    0x20000369        -       0x00000001   Zero   RW          101    .bss.input_size     uart.o
    0x2000036a        -       0x00000100   Zero   RW          100    .bss.inputs         uart.o
    0x2000046a        -       0x00000001   Zero   RW           99    .bss.pending_size   uart.o
    0x2000046b        -       0x00000001   Zero   RW          167    .bss.step           motor.o
    0x2000046c        -       0x00000004   Zero   RW           43    .bss.stepT          systimer.o
    0x20000470        -       0x00000004   Zero   RW           96    .bss.tx             uart.o
    0x20000474   0x080038e0   0x00000004   PAD
    0x20000478        -       0x00000200   Zero   RW           16    HEAP                startup_stm32l476xx.o
    0x20000678        -       0x00000400   Zero   RW           15    STACK               startup_stm32l476xx.o


==============================================================================

Image component sizes


      Code (inc. data)   RO Data    RW Data    ZI Data      Debug   Object Name

       396          0          0          0          0       1447   accelerometer.o
       524          0          0          0          0       5784   dma.o
      1032          0          0          0          0       3463   i2c.o
        82          0          0          0          0       1939   led.o
       528          0        167          0        256       2462   main.o
       438          0         32          0          2       2266   motor.o
       658          0          0          0          0       2358   spi.o
       140         48        392          0       1536        892   startup_stm32l476xx.o
       466          0          0          0          0       2109   sysclock.o
       292          0          0          0          4       4284   systimer.o
      1338          0          0          8        774       7641   uart.o

    ----------------------------------------------------------------------
      5940         48        624          8       2576      34645   Object Totals
         0          0         32          0          0          0   (incl. Generated)
        46          0          1          0          4          0   (incl. Padding)

    ----------------------------------------------------------------------

      Code (inc. data)   RO Data    RW Data    ZI Data      Debug   Library Member Name

         8          0          0          0          0         68   __main.o
       398          4         17          0          0         92   __printf_flags_ss_wp.o
        14          0          0          0          0         68   __printf_wp.o
         0          0          0          0          0          0   __rtentry.o
        12          0          0          0          0          0   __rtentry2.o
         6          0          0          0          0          0   __rtentry4.o
        94          8          0          0          0          0   __scatter.o
        26          0          0          0          0          0   __scatter_copy.o
        28          0          0          0          0          0   __scatter_zi.o
        72          0          0          0          0         96   _c16rtomb.o
         6          0          0          0          0          0   _printf_a.o
         6          0          0          0          0          0   _printf_c.o
        44          0          0          0          0        108   _printf_char.o
        48          6          0          0          0         96   _printf_char_common.o
        40          0          0          0          0         68   _printf_charcount.o
         6          0          0          0          0          0   _printf_d.o
       120         16          0          0          0         92   _printf_dec.o
         6          0          0          0          0          0   _printf_e.o
         6          0          0          0          0          0   _printf_f.o
      1058          0          0          0          0        148   _printf_fp_dec.o
       770          8         38          0          0        100   _printf_fp_hex.o
       128         16          0          0          0         84   _printf_fp_infnan.o
         6          0          0          0          0          0   _printf_g.o
       148          4         40          0          0        160   _printf_hex_int_ll_ptr.o
         6          0          0          0          0          0   _printf_i.o
       178          0          0          0          0         88   _printf_intcommon.o
        10          0          0          0          0          0   _printf_l.o
         6          0          0          0          0          0   _printf_lc.o
        10          0          0          0          0          0   _printf_ll.o
         6          0          0          0          0          0   _printf_lld.o
         6          0          0          0          0          0   _printf_lli.o
         6          0          0          0          0          0   _printf_llo.o
         6          0          0          0          0          0   _printf_llu.o
         6          0          0          0          0          0   _printf_llx.o
       124         16          0          0          0         92   _printf_longlong_dec.o
         6          0          0          0          0          0   _printf_ls.o
         6          0          0          0          0          0   _printf_n.o
         6          0          0          0          0          0   _printf_o.o
       112          8          0          0          0        124   _printf_oct_int_ll.o
         6          0          0          0          0          0   _printf_p.o
        78          0          0          0          0        108   _printf_pad.o
         0          0          0          0          0          0   _printf_percent.o
         4          0          0          0          0          0   _printf_percent_end.o
         6          0          0          0          0          0   _printf_s.o
        82          0          0          0          0         80   _printf_str.o
        36          0          0          0          0         84   _printf_truncate.o
         6          0          0          0          0          0   _printf_u.o
        44          0          0          0          0        108   _printf_wchar.o
       194          6          8          0          0         92   _printf_wctomb.o
         6          0          0          0          0          0   _printf_x.o
        10          0          0          0          0         68   _sputc.o
       228          4        148          0          0         96   bigflt0.o
      1936        128          0          0          0        668   btod.o
        18          0          0          0          0         80   exit.o
         6          0          0          0          0        152   heapauxi.o
         0          0          0          0          0          0   indicate_semi.o
        44         10        272          0          0         76   lc_ctype_c.o
        44         10         28          0          0         76   lc_numeric_c.o
         2          0          0          0          0          0   libinit.o
        34          0          0          0          0          0   libinit2.o
         2          0          0          0          0          0   libshutdown.o
         2          0          0          0          0          0   libshutdown2.o
         8          4          0          0         96         68   libspace.o
       138          0          0          0          0         80   lludiv10.o
        16          4          0          0          0         76   rt_ctype_table.o
         8          4          0          0          0         68   rt_locale_intlibspace.o
         2          0          0          0          0          0   rtexit.o
        10          0          0          0          0          0   rtexit2.o
        44          6          0          0          0         84   sprintf.o
       124          0          0          0          0         88   strcmpv7em.o
        12          4          0          0          0         68   sys_exit.o
        74          0          0          0          0         80   sys_stackheap_outer.o
         2          0          0          0          0         68   use_no_semi.o
        46          0          0          0          0        116   dflt_clz.o
       340         12          0          0          0        152   dmul.o
       156          4          0          0          0        140   dnaninf.o
        12          0          0          0          0        116   dretinf.o
        26          0          0          0          0        116   fpinit.o
         4          0          0          0          0        116   printf1.o
         4          0          0          0          0        116   printf2.o
         0          0          0          0          0          0   usenofp.o
        48          0          0          0          0        124   fpclassify.o

    ----------------------------------------------------------------------
      7432        286        552          0         96       4848   Library Totals
        26          4          1          0          0          0   (incl. Padding)

    ----------------------------------------------------------------------

      Code (inc. data)   RO Data    RW Data    ZI Data      Debug   Library Name

      6770        266        551          0         96       3852   c_w.l
       588         16          0          0          0        872   fz_wm.l
        48          0          0          0          0        124   m_wm.l

    ----------------------------------------------------------------------
      7432        286        552          0         96       4848   Library Totals

    ----------------------------------------------------------------------

==============================================================================


      Code (inc. data)   RO Data    RW Data    ZI Data      Debug   

     13372        334       1176          8       2672      36753   Grand Totals
     13372        334       1176          8       2672      36753   ELF Image Totals
     13372        334       1176          8          0          0   ROM Totals

==============================================================================

    Total RO  Size (Code + RO Data)                14548 (  14.21kB)
    Total RW  Size (RW Data + ZI Data)              2680 (   2.62kB)
    Total ROM Size (Code + RO Data + RW Data)      14556 (  14.21kB)

==============================================================================

