<html>
<body>
<pre>
<h1>µVision Build Log</h1>
<h2>Tool Versions:</h2>
IDE-Version: µVision V5.39.0.0
Copyright (C) 2023 ARM Ltd and ARM Germany GmbH. All rights reserved.
License Information: Kole Kikuta, UCSB, LIC=----
 
Tool Versions:
Toolchain:       MDK-Lite  Version: 5.39.0.0
Toolchain Path:  C:\Keil_v5\ARM\ARMCLANG\Bin
C Compiler:      ArmClang.exe V6.21
Assembler:       Armasm.exe V6.21
Linker/Locator:  ArmLink.exe V6.21
Library Manager: ArmAr.exe V6.21
Hex Converter:   FromElf.exe V6.21
CPU DLL:         SARMCM3.DLL V5.39.0.0
Dialog DLL:      DCM.DLL V1.17.5.0
Target DLL:      STLink\ST-LINKIII-KEIL_SWO.dll V3.2.0.0
Dialog DLL:      TCM.DLL V1.56.4.0
 
<h2>Project:</h2>
C:\Users\kolek\Documents\ECE 153B\ece153b_final\Part_B_and_C\project.uvprojx
Project File Date:  03/20/2024

<h2>Output:</h2>
*** Using Compiler 'V6.21', folder: 'C:\Keil_v5\ARM\ARMCLANG\Bin'
Build target 'Target 1'
src/main.c(25): warning: declaration shadows a variable in the global scope [-Wshadow]
   25 | void UART_onInput(char* inputs, uint32_t size) {
      |                         ^
src/UART.h(32): note: previous declaration is here
   32 | static volatile char inputs[IO_SIZE];
      |                      ^
src/main.c(27): warning: result of comparison against a string literal is unspecified (use an explicit string comparison function instead) [-Wstring-compare]
   27 |         if(inputs == "Open door\n"){
      |                   ^  ~~~~~~~~~~~~~
src/main.c(36): warning: result of comparison against a string literal is unspecified (use an explicit string comparison function instead) [-Wstring-compare]
   36 |         }else if(inputs == "Close door\n"){
      |                         ^  ~~~~~~~~~~~~~~
src/main.c(25): warning: unused parameter 'size' [-Wunused-parameter]
   25 | void UART_onInput(char* inputs, uint32_t size) {
      |                                          ^
src/main.c(90): warning: mixing declarations and code is incompatible with standards before C99 [-Wdeclaration-after-statement]
   90 |                 int temp = (Data_Receive & 0x7F) - (((Data_Receive & 0x80) != 0) ? 128 : 0);
      |                     ^
src/main.c(56): warning: unused variable 'tempState' [-Wunused-variable]
   56 |         uint8_t tempState = 0;
      |                 ^~~~~~~~~
6 warnings generated.
compiling main.c...
linking...
Program Size: Code=13372 RO-data=1176 RW-data=8 ZI-data=2672  
FromELF: creating hex file...
".\Objects\project.axf" - 0 Error(s), 6 Warning(s).

<h2>Software Packages used:</h2>

Package Vendor: ARM
                http://www.keil.com/pack/ARM.CMSIS.5.9.0.pack
                ARM::CMSIS@5.9.0
                CMSIS (Common Microcontroller Software Interface Standard)
   * Component: CORE Version: 5.6.0

Package Vendor: Keil
                https://www.keil.com/pack/Keil.STM32L4xx_DFP.2.6.2.pack
                Keil::STM32L4xx_DFP@2.6.2
                STMicroelectronics STM32L4 Series Device Support, Drivers and Examples

<h2>Collection of Component include folders:</h2>
  ./RTE/_Target_1
  C:/Users/kolek/AppData/Local/Arm/Packs/ARM/CMSIS/5.9.0/CMSIS/Core/Include
  C:/Users/kolek/AppData/Local/Arm/Packs/Keil/STM32L4xx_DFP/2.6.2/Drivers/CMSIS/Device/ST/STM32L4xx/Include

<h2>Collection of Component Files used:</h2>

   * Component: ARM::CMSIS:CORE@5.6.0
Build Time Elapsed:  00:00:01
</pre>
</body>
</html>
